Component: Arm Compiler for Embedded 6.24 Tool: armlink [5f371500]

==============================================================================

Section Cross References

    thelasthope.o(.text.SysTick_Handler) refers to thelasthope.o(.bss.enable_cont_seg) for enable_cont_seg
    thelasthope.o(.text.SysTick_Handler) refers to menu.o(.text.temp2) for temp2
    thelasthope.o(.text.SysTick_Handler) refers to thelasthope.o(.bss.n_ciclos) for n_ciclos
    thelasthope.o(.text.SysTick_Handler) refers to thelasthope.o(.data.n_seg) for n_seg
    thelasthope.o(.text.SysTick_Handler) refers to menu.o(.text.temp1) for temp1
    thelasthope.o(.text.SysTick_Handler) refers to thelasthope.o(.data.flag_sonido) for flag_sonido
    thelasthope.o(.text.SysTick_Handler) refers to thelasthope.o(.bss.i) for i
    thelasthope.o(.text.SysTick_Handler) refers to thelasthope.o(.rodata.SineWave) for SineWave
    thelasthope.o(.text.SysTick_Handler) refers to dac.o(.text.DAC_Out) for DAC_Out
    thelasthope.o(.ARM.exidx.text.SysTick_Handler) refers to thelasthope.o(.text.SysTick_Handler) for [Anonymous Symbol]
    thelasthope.o(.text.main) refers to pll.o(.text.PLL_Init) for PLL_Init
    thelasthope.o(.text.main) refers to dac.o(.text.DAC_Init) for DAC_Init
    thelasthope.o(.text.main) refers to leds_y_pulsadores.o(.text.config_puertoF) for config_puertoF
    thelasthope.o(.text.main) refers to uart.o(.text.UART_Init) for UART_Init
    thelasthope.o(.text.main) refers to st7735.o(.text.ST7735_InitR) for ST7735_InitR
    thelasthope.o(.text.main) refers to systick.o(.text.ConfiguraSystick_1ms) for ConfiguraSystick_1ms
    thelasthope.o(.text.main) refers to thelasthope.o(.bss.opc_menu) for opc_menu
    thelasthope.o(.text.main) refers to thelasthope.o(.bss.flag_start) for flag_start
    thelasthope.o(.text.main) refers to thelasthope.o(.data.flag_sonido) for flag_sonido
    thelasthope.o(.text.main) refers to mostrar_ocultar.o(.text.mostrarInicio) for mostrarInicio
    thelasthope.o(.text.main) refers to uart.o(.text.UART_Caracter) for UART_Caracter
    thelasthope.o(.text.main) refers to mostrar_ocultar.o(.text.ocultarInicio) for ocultarInicio
    thelasthope.o(.text.main) refers to mostrar_ocultar.o(.text.mostrar_menuPrincipal) for mostrar_menuPrincipal
    thelasthope.o(.text.main) refers to menu.o(.text.mutear) for mutear
    thelasthope.o(.text.main) refers to menu.o(.text.partida) for partida
    thelasthope.o(.text.main) refers to menu.o(.text.salir) for salir
    thelasthope.o(.text.main) refers to menu.o(.text.instrucciones) for instrucciones
    thelasthope.o(.ARM.exidx.text.main) refers to thelasthope.o(.text.main) for [Anonymous Symbol]
    startup.o(RESET) refers to startup.o(STACK) for StackMem
    startup.o(RESET) refers to thelasthope.o(.text.SysTick_Handler) for SysTick_Handler
    startup.o(RESET) refers to entry.o(.ARM.Collect$$$$00000000) for __main
    leds_y_pulsadores.o(.ARM.exidx.text.config_puertoF) refers to leds_y_pulsadores.o(.text.config_puertoF) for [Anonymous Symbol]
    leds_y_pulsadores.o(.ARM.exidx.text.sondea_pulsador) refers to leds_y_pulsadores.o(.text.sondea_pulsador) for [Anonymous Symbol]
    leds_y_pulsadores.o(.ARM.exidx.text.maneja_led) refers to leds_y_pulsadores.o(.text.maneja_led) for [Anonymous Symbol]
    leds_y_pulsadores.o(.ARM.exidx.text.parpadea_led) refers to leds_y_pulsadores.o(.text.parpadea_led) for [Anonymous Symbol]
    pll.o(.ARM.exidx.text.PLL_Init) refers to pll.o(.text.PLL_Init) for [Anonymous Symbol]
    systick.o(.ARM.exidx.text.SysTick_Init) refers to systick.o(.text.SysTick_Init) for [Anonymous Symbol]
    systick.o(.ARM.exidx.text.ConfiguraSystick_1ms) refers to systick.o(.text.ConfiguraSystick_1ms) for [Anonymous Symbol]
    systick.o(.ARM.exidx.text.SysTick_Wait) refers to systick.o(.text.SysTick_Wait) for [Anonymous Symbol]
    systick.o(.ARM.exidx.text.SysTick_Wait10ms) refers to systick.o(.text.SysTick_Wait10ms) for [Anonymous Symbol]
    uart.o(.ARM.exidx.text.UART_Init) refers to uart.o(.text.UART_Init) for [Anonymous Symbol]
    uart.o(.ARM.exidx.text.UART_InChar) refers to uart.o(.text.UART_InChar) for [Anonymous Symbol]
    uart.o(.ARM.exidx.text.UART_OutChar) refers to uart.o(.text.UART_OutChar) for [Anonymous Symbol]
    uart.o(.ARM.exidx.text.UART_Caracter) refers to uart.o(.text.UART_Caracter) for [Anonymous Symbol]
    uart.o(.ARM.exidx.text.UART_OutString) refers to uart.o(.text.UART_OutString) for [Anonymous Symbol]
    uart.o(.ARM.exidx.text.UART_InString) refers to uart.o(.text.UART_InString) for [Anonymous Symbol]
    uart.o(.ARM.exidx.text.sondea_UART) refers to uart.o(.text.sondea_UART) for [Anonymous Symbol]
    st7735.o(.ARM.exidx.text.Delay1ms) refers to st7735.o(.text.Delay1ms) for [Anonymous Symbol]
    st7735.o(.text.ST7735_InitB) refers to st7735.o(.rodata.Bcmd) for Bcmd
    st7735.o(.text.ST7735_InitB) refers to st7735.o(.text.commonInit) for commonInit
    st7735.o(.text.ST7735_InitB) refers to st7735.o(.bss.StX) for StX
[...]
    st7735.o(.text.ST7735_PlotBar) refers to st7735.o(.bss.Yrange) for Yrange
    st7735.o(.text.ST7735_PlotBar) refers to st7735.o(.bss._height) for _height
    st7735.o(.text.ST7735_PlotBar) refers to st7735.o(.text.setAddrWindow) for setAddrWindow
    st7735.o(.ARM.exidx.text.ST7735_PlotBar) refers to st7735.o(.text.ST7735_PlotBar) for [Anonymous Symbol]
    st7735.o(.text.ST7735_PlotdBfs) refers to st7735.o(.bss.X) for X
    st7735.o(.text.ST7735_PlotdBfs) refers to st7735.o(.bss._width) for _width
    st7735.o(.text.ST7735_PlotdBfs) refers to st7735.o(.rodata.dBfs) for dBfs
    st7735.o(.text.ST7735_PlotdBfs) refers to st7735.o(.bss._height) for _height
    st7735.o(.text.ST7735_PlotdBfs) refers to st7735.o(.text.setAddrWindow) for setAddrWindow
    st7735.o(.ARM.exidx.text.ST7735_PlotdBfs) refers to st7735.o(.text.ST7735_PlotdBfs) for [Anonymous Symbol]
    st7735.o(.text.ST7735_PlotNext) refers to st7735.o(.bss.X) for X
    st7735.o(.ARM.exidx.text.ST7735_PlotNext) refers to st7735.o(.text.ST7735_PlotNext) for [Anonymous Symbol]
    st7735.o(.text.ST7735_PlotNextErase) refers to st7735.o(.bss.X) for X
    st7735.o(.text.ST7735_PlotNextErase) refers to st7735.o(.bss._width) for _width
    st7735.o(.text.ST7735_PlotNextErase) refers to st7735.o(.bss._height) for _height
    st7735.o(.text.ST7735_PlotNextErase) refers to st7735.o(.text.setAddrWindow) for setAddrWindow
    st7735.o(.ARM.exidx.text.ST7735_PlotNextErase) refers to st7735.o(.text.ST7735_PlotNextErase) for [Anonymous Symbol]
    st7735.o(.text.ST7735_OutChar) refers to st7735.o(.bss.StY) for StY
    st7735.o(.text.ST7735_OutChar) refers to st7735.o(.bss.StX) for StX
    st7735.o(.text.ST7735_OutChar) refers to st7735.o(.data.StTextColor) for StTextColor
    st7735.o(.text.ST7735_OutChar) refers to st7735.o(.text.ST7735_DrawCharS) for ST7735_DrawCharS
    st7735.o(.ARM.exidx.text.ST7735_OutChar) refers to st7735.o(.text.ST7735_OutChar) for [Anonymous Symbol]
    st7735.o(.text.ST7735_OutString) refers to st7735.o(.text.ST7735_OutChar) for ST7735_OutChar
    st7735.o(.ARM.exidx.text.ST7735_OutString) refers to st7735.o(.text.ST7735_OutString) for [Anonymous Symbol]
    st7735.o(.text.ST7735_SetTextColor) refers to st7735.o(.data.StTextColor) for StTextColor
    st7735.o(.ARM.exidx.text.ST7735_SetTextColor) refers to st7735.o(.text.ST7735_SetTextColor) for [Anonymous Symbol]
    st7735.o(.text.fputc) refers to st7735.o(.text.ST7735_OutChar) for ST7735_OutChar
    st7735.o(.ARM.exidx.text.fputc) refers to st7735.o(.text.fputc) for [Anonymous Symbol]
    st7735.o(.ARM.exidx.text.fgetc) refers to st7735.o(.text.fgetc) for [Anonymous Symbol]
    st7735.o(.ARM.exidx.text.ferror) refers to st7735.o(.text.ferror) for [Anonymous Symbol]
    st7735.o(.text.Output_Init) refers to st7735.o(.text.ST7735_InitR) for ST7735_InitR
    st7735.o(.text.Output_Init) refers to st7735.o(.bss._width) for _width
    st7735.o(.text.Output_Init) refers to st7735.o(.bss._height) for _height
    st7735.o(.text.Output_Init) refers to st7735.o(.text.setAddrWindow) for setAddrWindow
    st7735.o(.ARM.exidx.text.Output_Init) refers to st7735.o(.text.Output_Init) for [Anonymous Symbol]
    st7735.o(.text.Output_Clear) refers to st7735.o(.bss._width) for _width
    st7735.o(.text.Output_Clear) refers to st7735.o(.bss._height) for _height
    st7735.o(.text.Output_Clear) refers to st7735.o(.text.setAddrWindow) for setAddrWindow
    st7735.o(.ARM.exidx.text.Output_Clear) refers to st7735.o(.text.Output_Clear) for [Anonymous Symbol]
    st7735.o(.text.Output_Off) refers to st7735.o(.bss._width) for _width
    st7735.o(.text.Output_Off) refers to st7735.o(.bss._height) for _height
    st7735.o(.text.Output_Off) refers to st7735.o(.text.setAddrWindow) for setAddrWindow
    st7735.o(.ARM.exidx.text.Output_Off) refers to st7735.o(.text.Output_Off) for [Anonymous Symbol]
    st7735.o(.text.Output_On) refers to st7735.o(.text.ST7735_InitR) for ST7735_InitR
    st7735.o(.text.Output_On) refers to st7735.o(.bss._width) for _width
    st7735.o(.text.Output_On) refers to st7735.o(.bss._height) for _height
    st7735.o(.text.Output_On) refers to st7735.o(.text.setAddrWindow) for setAddrWindow
    st7735.o(.ARM.exidx.text.Output_On) refers to st7735.o(.text.Output_On) for [Anonymous Symbol]
    st7735.o(.text.Output_Color) refers to st7735.o(.data.StTextColor) for StTextColor
    st7735.o(.ARM.exidx.text.Output_Color) refers to st7735.o(.text.Output_Color) for [Anonymous Symbol]
    dac.o(.ARM.exidx.text.DAC_Init) refers to dac.o(.text.DAC_Init) for [Anonymous Symbol]
    dac.o(.ARM.exidx.text.DAC_Out) refers to dac.o(.text.DAC_Out) for [Anonymous Symbol]
    modo_juego.o(.text.mueve_fila) refers to modo_juego.o(.rodata.fondo_negro) for fondo_negro
    modo_juego.o(.text.mueve_fila) refers to modo_juego.o(.rodata.alien_1) for alien_1
    modo_juego.o(.text.mueve_fila) refers to st7735.o(.text.ST7735_DrawBitmap) for ST7735_DrawBitmap
    modo_juego.o(.ARM.exidx.text.mueve_fila) refers to modo_juego.o(.text.mueve_fila) for [Anonymous Symbol]
    modo_juego.o(.text.mueve_aliens) refers to modo_juego.o(.rodata.fondo_negro) for fondo_negro
    modo_juego.o(.text.mueve_aliens) refers to modo_juego.o(.rodata.alien_1) for alien_1
    modo_juego.o(.text.mueve_aliens) refers to st7735.o(.text.ST7735_DrawBitmap) for ST7735_DrawBitmap
    modo_juego.o(.ARM.exidx.text.mueve_aliens) refers to modo_juego.o(.text.mueve_aliens) for [Anonymous Symbol]
    modo_juego.o(.text.genera_proyectil) refers to modo_juego.o(.rodata.proyectil_aliens) for proyectil_aliens
    modo_juego.o(.text.genera_proyectil) refers to st7735.o(.text.ST7735_DrawBitmap) for ST7735_DrawBitmap
    modo_juego.o(.ARM.exidx.text.genera_proyectil) refers to modo_juego.o(.text.genera_proyectil) for [Anonymous Symbol]
    modo_juego.o(.text.mueve_proyectiles) refers to modo_juego.o(.rodata.proyectil_negro) for proyectil_negro
    modo_juego.o(.text.mueve_proyectiles) refers to modo_juego.o(.rodata.proyectil_nave) for proyectil_nave
    modo_juego.o(.text.mueve_proyectiles) refers to st7735.o(.text.ST7735_DrawBitmap) for ST7735_DrawBitmap
    modo_juego.o(.text.mueve_proyectiles) refers to modo_juego.o(.rodata.proyectil_aliens) for proyectil_aliens
    modo_juego.o(.ARM.exidx.text.mueve_proyectiles) refers to modo_juego.o(.text.mueve_proyectiles) for [Anonymous Symbol]
    modo_juego.o(.ARM.exidx.text.modifica_arreglo_proy) refers to modo_juego.o(.text.modifica_arreglo_proy) for [Anonymous Symbol]
    modo_juego.o(.text.borra_proyectiles) refers to modo_juego.o(.rodata.proyectil_negro) for proyectil_negro
    modo_juego.o(.text.borra_proyectiles) refers to st7735.o(.text.ST7735_DrawBitmap) for ST7735_DrawBitmap
    modo_juego.o(.ARM.exidx.text.borra_proyectiles) refers to modo_juego.o(.text.borra_proyectiles) for [Anonymous Symbol]
    modo_juego.o(.text.proyectil_a_alguien) refers to modo_juego.o(.rodata.proyectil_negro) for proyectil_negro
    modo_juego.o(.text.proyectil_a_alguien) refers to st7735.o(.text.ST7735_DrawBitmap) for ST7735_DrawBitmap
    modo_juego.o(.ARM.exidx.text.proyectil_a_alguien) refers to modo_juego.o(.text.proyectil_a_alguien) for [Anonymous Symbol]
    modo_juego.o(.text.proyectil_por_fila) refers to modo_juego.o(.rodata.explosion) for explosion
    modo_juego.o(.text.proyectil_por_fila) refers to st7735.o(.text.ST7735_DrawBitmap) for ST7735_DrawBitmap
    modo_juego.o(.text.proyectil_por_fila) refers to modo_juego.o(.rodata.proyectil_negro) for proyectil_negro
    modo_juego.o(.ARM.exidx.text.proyectil_por_fila) refers to modo_juego.o(.text.proyectil_por_fila) for [Anonymous Symbol]
    modo_juego.o(.text.proyectil_a_aliens) refers to modo_juego.o(.text.proyectil_por_fila) for proyectil_por_fila
    modo_juego.o(.ARM.exidx.text.proyectil_a_aliens) refers to modo_juego.o(.text.proyectil_a_aliens) for [Anonymous Symbol]
    modo_juego.o(.ARM.exidx.text.evalua_flags) refers to modo_juego.o(.text.evalua_flags) for [Anonymous Symbol]
    mostrar_ocultar.o(.text.mostrar_menuPrincipal) refers to mostrar_ocultar.o(.rodata.str1.1) for .L.str
    mostrar_ocultar.o(.text.mostrar_menuPrincipal) refers to st7735.o(.text.ST7735_DrawString) for ST7735_DrawString
    mostrar_ocultar.o(.ARM.exidx.text.mostrar_menuPrincipal) refers to mostrar_ocultar.o(.text.mostrar_menuPrincipal) for [Anonymous Symbol]
    mostrar_ocultar.o(.text.mostrarInicio) refers to mostrar_ocultar.o(.rodata.str1.1) for .L.str.5
    mostrar_ocultar.o(.text.mostrarInicio) refers to st7735.o(.text.ST7735_DrawString) for ST7735_DrawString
    mostrar_ocultar.o(.ARM.exidx.text.mostrarInicio) refers to mostrar_ocultar.o(.text.mostrarInicio) for [Anonymous Symbol]
    mostrar_ocultar.o(.text.ocultarInicio) refers to mostrar_ocultar.o(.rodata.str1.1) for .L.str.5
    mostrar_ocultar.o(.text.ocultarInicio) refers to st7735.o(.text.ST7735_DrawString) for ST7735_DrawString
    mostrar_ocultar.o(.ARM.exidx.text.ocultarInicio) refers to mostrar_ocultar.o(.text.ocultarInicio) for [Anonymous Symbol]
    mostrar_ocultar.o(.text.ocultar_menuPrincipal) refers to mostrar_ocultar.o(.rodata.str1.1) for .L.str
    mostrar_ocultar.o(.text.ocultar_menuPrincipal) refers to st7735.o(.text.ST7735_DrawString) for ST7735_DrawString
    mostrar_ocultar.o(.ARM.exidx.text.ocultar_menuPrincipal) refers to mostrar_ocultar.o(.text.ocultar_menuPrincipal) for [Anonymous Symbol]
    mostrar_ocultar.o(.text.mostrar_menuPartida) refers to mostrar_ocultar.o(.rodata.str1.1) for .L.str.8
    mostrar_ocultar.o(.text.mostrar_menuPartida) refers to st7735.o(.text.ST7735_DrawString) for ST7735_DrawString
    mostrar_ocultar.o(.ARM.exidx.text.mostrar_menuPartida) refers to mostrar_ocultar.o(.text.mostrar_menuPartida) for [Anonymous Symbol]
    mostrar_ocultar.o(.text.ocultar_menuPartida) refers to mostrar_ocultar.o(.rodata.str1.1) for .L.str.8
    mostrar_ocultar.o(.text.ocultar_menuPartida) refers to st7735.o(.text.ST7735_DrawString) for ST7735_DrawString
    mostrar_ocultar.o(.ARM.exidx.text.ocultar_menuPartida) refers to mostrar_ocultar.o(.text.ocultar_menuPartida) for [Anonymous Symbol]
    mostrar_ocultar.o(.text.mostrar_instrucciones) refers to mostrar_ocultar.o(.rodata.str1.1) for .L.str.12
    mostrar_ocultar.o(.text.mostrar_instrucciones) refers to st7735.o(.text.ST7735_DrawString) for ST7735_DrawString
    mostrar_ocultar.o(.ARM.exidx.text.mostrar_instrucciones) refers to mostrar_ocultar.o(.text.mostrar_instrucciones) for [Anonymous Symbol]
    mostrar_ocultar.o(.text.ocultar_instrucciones) refers to mostrar_ocultar.o(.rodata.str1.1) for .L.str.12
    mostrar_ocultar.o(.text.ocultar_instrucciones) refers to st7735.o(.text.ST7735_DrawString) for ST7735_DrawString
    mostrar_ocultar.o(.ARM.exidx.text.ocultar_instrucciones) refers to mostrar_ocultar.o(.text.ocultar_instrucciones) for [Anonymous Symbol]
    menu.o(.text.temp1) refers to menu.o(.data.nt_seg) for nt_seg
    menu.o(.ARM.exidx.text.temp1) refers to menu.o(.text.temp1) for [Anonymous Symbol]
    menu.o(.text.temp2) refers to menu.o(.bss.enablet_cont_seg) for enablet_cont_seg
    menu.o(.ARM.exidx.text.temp2) refers to menu.o(.text.temp2) for [Anonymous Symbol]
    menu.o(.text.trabaja_jugador) refers to menu.o(.rodata.nave_def) for nave_def
    menu.o(.text.trabaja_jugador) refers to st7735.o(.text.ST7735_DrawBitmap) for ST7735_DrawBitmap
    menu.o(.text.trabaja_jugador) refers to menu.o(.bss.flag_hay_caracter) for flag_hay_caracter
    menu.o(.text.trabaja_jugador) refers to uart.o(.text.sondea_UART) for sondea_UART
    menu.o(.text.trabaja_jugador) refers to menu.o(.rodata.fondo_negro) for fondo_negro
    menu.o(.text.trabaja_jugador) refers to menu.o(.bss.flanco_bajadaSW1) for flanco_bajadaSW1
    menu.o(.text.trabaja_jugador) refers to menu.o(.bss.antSW1) for antSW1
    menu.o(.text.trabaja_jugador) refers to leds_y_pulsadores.o(.text.sondea_pulsador) for sondea_pulsador
    menu.o(.text.trabaja_jugador) refers to menu.o(.bss.flanco_bajadaSW2) for flanco_bajadaSW2
    menu.o(.text.trabaja_jugador) refers to menu.o(.bss.antSW2) for antSW2
    menu.o(.text.trabaja_jugador) refers to menu.o(.rodata.proyectil_nave) for proyectil_nave
    menu.o(.ARM.exidx.text.trabaja_jugador) refers to menu.o(.text.trabaja_jugador) for [Anonymous Symbol]
    menu.o(.text.juego) refers to uart.o(.text.UART_OutString) for UART_OutString
    menu.o(.text.juego) refers to menu.o(.data.nt_seg) for nt_seg
    menu.o(.text.juego) refers to leds_y_pulsadores.o(.text.config_puertoF) for config_puertoF
    menu.o(.text.juego) refers to menu.o(.bss.enablet_cont_seg) for enablet_cont_seg
    menu.o(.text.juego) refers to modo_juego.o(.text.evalua_flags) for evalua_flags
    menu.o(.text.juego) refers to modo_juego.o(.text.mueve_aliens) for mueve_aliens
    menu.o(.text.juego) refers to modo_juego.o(.text.genera_proyectil) for genera_proyectil
    menu.o(.text.juego) refers to menu.o(.text.trabaja_jugador) for trabaja_jugador
    menu.o(.text.juego) refers to modo_juego.o(.text.mueve_proyectiles) for mueve_proyectiles
    menu.o(.text.juego) refers to modo_juego.o(.text.borra_proyectiles) for borra_proyectiles
    menu.o(.text.juego) refers to modo_juego.o(.text.proyectil_a_alguien) for proyectil_a_alguien
    menu.o(.text.juego) refers to modo_juego.o(.text.proyectil_a_aliens) for proyectil_a_aliens
    menu.o(.text.juego) refers to menu.o(.rodata.str1.1) for [Anonymous Symbol]
    menu.o(.ARM.exidx.text.juego) refers to menu.o(.text.juego) for [Anonymous Symbol]
    menu.o(.ARM.exidx.text.ordena_puntajes) refers to menu.o(.text.ordena_puntajes) for [Anonymous Symbol]
    menu.o(.text.maneja_leaderboard) refers to uart.o(.text.UART_OutString) for UART_OutString
    menu.o(.text.maneja_leaderboard) refers to uart.o(.text.UART_InString) for UART_InString
    menu.o(.text.maneja_leaderboard) refers to menu.o(.bss.letra3) for letra3
    menu.o(.text.maneja_leaderboard) refers to menu.o(.bss.letra1) for letra1
    menu.o(.text.maneja_leaderboard) refers to menu.o(.bss.puntaje) for puntaje
    menu.o(.text.maneja_leaderboard) refers to menu.o(.bss.letra2) for letra2
    menu.o(.text.maneja_leaderboard) refers to uart.o(.text.UART_OutChar) for UART_OutChar
    menu.o(.ARM.exidx.text.maneja_leaderboard) refers to menu.o(.text.maneja_leaderboard) for [Anonymous Symbol]
    menu.o(.text.nueva) refers to menu.o(.bss.flag_opc_nueva) for flag_opc_nueva
    menu.o(.text.nueva) refers to menu.o(.rodata.str1.1) for .L.str.5
    menu.o(.text.nueva) refers to st7735.o(.text.ST7735_DrawString) for ST7735_DrawString
    menu.o(.text.nueva) refers to menu.o(.bss.cant_palabras) for cant_palabras
    menu.o(.text.nueva) refers to menu.o(.bss.nivel) for nivel
    menu.o(.text.nueva) refers to menu.o(.bss.flag_gano) for flag_gano
    menu.o(.text.nueva) refers to menu.o(.bss.flag_perdio) for flag_perdio
    menu.o(.text.nueva) refers to menu.o(.rodata.perdio) for perdio
    menu.o(.text.nueva) refers to menu.o(.bss.flanco_bajadaSW1) for flanco_bajadaSW1
    menu.o(.text.nueva) refers to mostrar_ocultar.o(.text.mostrar_menuPrincipal) for mostrar_menuPrincipal
    menu.o(.text.nueva) refers to menu.o(.bss.flag_menu_iniciar) for flag_menu_iniciar
    menu.o(.text.nueva) refers to menu.o(.bss.flag_opc_iniciar) for flag_opc_iniciar
    menu.o(.text.nueva) refers to menu.o(.bss.antSW1) for antSW1
    menu.o(.text.nueva) refers to leds_y_pulsadores.o(.text.sondea_pulsador) for sondea_pulsador
    menu.o(.text.nueva) refers to menu.o(.bss.opc_menu_iniciar) for opc_menu_iniciar
    menu.o(.text.nueva) refers to menu.o(.bss.flanco_bajadaSW2) for flanco_bajadaSW2
    menu.o(.text.nueva) refers to menu.o(.bss.antSW2) for antSW2
    menu.o(.text.nueva) refers to menu.o(.rodata.gano) for gano
    menu.o(.text.nueva) refers to mostrar_ocultar.o(.text.ocultar_menuPartida) for ocultar_menuPartida
    menu.o(.text.nueva) refers to menu.o(.text.juego) for juego
    menu.o(.text.nueva) refers to st7735.o(.text.ST7735_FillScreen) for ST7735_FillScreen
    menu.o(.text.nueva) refers to st7735.o(.text.ST7735_DrawBitmap) for ST7735_DrawBitmap
    menu.o(.text.nueva) refers to menu.o(.data.nt_seg) for nt_seg
    menu.o(.text.nueva) refers to menu.o(.text.maneja_leaderboard) for maneja_leaderboard
    menu.o(.ARM.exidx.text.nueva) refers to menu.o(.text.nueva) for [Anonymous Symbol]
    menu.o(.text.leaderboard) refers to menu.o(.bss.flag_opc_leaderboard) for flag_opc_leaderboard
    menu.o(.text.leaderboard) refers to menu.o(.rodata.str1.1) for .L.str.6
    menu.o(.text.leaderboard) refers to st7735.o(.text.ST7735_DrawString) for ST7735_DrawString
    menu.o(.text.leaderboard) refers to menu.o(.bss.cant_palabras) for cant_palabras
    menu.o(.text.leaderboard) refers to menu.o(.bss.caracter) for caracter
    menu.o(.text.leaderboard) refers to menu.o(.bss.flag_opc_iniciar) for flag_opc_iniciar
    menu.o(.text.leaderboard) refers to menu.o(.bss.flanco_bajadaSW1) for flanco_bajadaSW1
    menu.o(.text.leaderboard) refers to menu.o(.bss.antSW1) for antSW1
    menu.o(.text.leaderboard) refers to leds_y_pulsadores.o(.text.sondea_pulsador) for sondea_pulsador
    menu.o(.text.leaderboard) refers to menu.o(.bss.opc_menu_iniciar) for opc_menu_iniciar
    menu.o(.text.leaderboard) refers to menu.o(.bss.flanco_bajadaSW2) for flanco_bajadaSW2
    menu.o(.text.leaderboard) refers to menu.o(.bss.antSW2) for antSW2
    menu.o(.text.leaderboard) refers to menu.o(.text.maneja_leaderboard) for maneja_leaderboard
    menu.o(.text.leaderboard) refers to mostrar_ocultar.o(.text.ocultar_menuPartida) for ocultar_menuPartida
    menu.o(.text.leaderboard) refers to uart.o(.text.UART_Caracter) for UART_Caracter
    menu.o(.text.leaderboard) refers to uart.o(.text.UART_OutChar) for UART_OutChar
    menu.o(.text.leaderboard) refers to mostrar_ocultar.o(.text.mostrar_menuPartida) for mostrar_menuPartida
    menu.o(.ARM.exidx.text.leaderboard) refers to menu.o(.text.leaderboard) for [Anonymous Symbol]
    menu.o(.text.retornar) refers to menu.o(.bss.flag_opc_retornar) for flag_opc_retornar
    menu.o(.text.retornar) refers to menu.o(.rodata.str1.1) for .L.str.7
    menu.o(.text.retornar) refers to st7735.o(.text.ST7735_DrawString) for ST7735_DrawString
    menu.o(.text.retornar) refers to menu.o(.bss.cant_palabras) for cant_palabras
    menu.o(.text.retornar) refers to menu.o(.bss.antSW1) for antSW1
    menu.o(.text.retornar) refers to menu.o(.bss.flanco_bajadaSW1) for flanco_bajadaSW1
    menu.o(.text.retornar) refers to menu.o(.bss.antSW2) for antSW2
    menu.o(.text.retornar) refers to menu.o(.bss.flanco_bajadaSW2) for flanco_bajadaSW2
    menu.o(.text.retornar) refers to menu.o(.bss.flag_opc_iniciar) for flag_opc_iniciar
    menu.o(.text.retornar) refers to menu.o(.bss.opc_menu_iniciar) for opc_menu_iniciar
    menu.o(.text.retornar) refers to leds_y_pulsadores.o(.text.sondea_pulsador) for sondea_pulsador
    menu.o(.text.retornar) refers to mostrar_ocultar.o(.text.ocultar_menuPartida) for ocultar_menuPartida
    menu.o(.text.retornar) refers to mostrar_ocultar.o(.text.mostrar_menuPrincipal) for mostrar_menuPrincipal
    menu.o(.text.retornar) refers to menu.o(.bss.flag_menu_iniciar) for flag_menu_iniciar
    menu.o(.ARM.exidx.text.retornar) refers to menu.o(.text.retornar) for [Anonymous Symbol]
    menu.o(.text.partida) refers to menu.o(.bss.flag_opc_iniciar) for flag_opc_iniciar
    menu.o(.text.partida) refers to menu.o(.rodata.str1.1) for .L.str.10
    menu.o(.text.partida) refers to st7735.o(.text.ST7735_DrawString) for ST7735_DrawString
    menu.o(.text.partida) refers to menu.o(.bss.cant_palabras) for cant_palabras
    menu.o(.text.partida) refers to menu.o(.bss.flanco_bajadaSW1) for flanco_bajadaSW1
    menu.o(.text.partida) refers to menu.o(.bss.antSW2) for antSW2
    menu.o(.text.partida) refers to menu.o(.bss.flanco_bajadaSW2) for flanco_bajadaSW2
    menu.o(.text.partida) refers to menu.o(.bss.flag_menu_iniciar) for flag_menu_iniciar
    menu.o(.text.partida) refers to menu.o(.bss.opc_menu_iniciar) for opc_menu_iniciar
    menu.o(.text.partida) refers to menu.o(.bss.antSW1) for antSW1
    menu.o(.text.partida) refers to leds_y_pulsadores.o(.text.sondea_pulsador) for sondea_pulsador
    menu.o(.text.partida) refers to mostrar_ocultar.o(.text.ocultar_menuPrincipal) for ocultar_menuPrincipal
    menu.o(.text.partida) refers to mostrar_ocultar.o(.text.mostrar_menuPartida) for mostrar_menuPartida
    menu.o(.text.partida) refers to menu.o(.text.leaderboard) for leaderboard
    menu.o(.text.partida) refers to menu.o(.text.nueva) for nueva
    menu.o(.text.partida) refers to menu.o(.text.retornar) for retornar
    menu.o(.ARM.exidx.text.partida) refers to menu.o(.text.partida) for [Anonymous Symbol]
    menu.o(.text.instrucciones) refers to menu.o(.bss.flag_opc_inst) for flag_opc_inst
    menu.o(.text.instrucciones) refers to menu.o(.rodata.str1.1) for .L.str.11
    menu.o(.text.instrucciones) refers to st7735.o(.text.ST7735_DrawString) for ST7735_DrawString
    menu.o(.text.instrucciones) refers to menu.o(.bss.cant_palabras) for cant_palabras
    menu.o(.text.instrucciones) refers to menu.o(.bss.antSW1) for antSW1
    menu.o(.text.instrucciones) refers to menu.o(.bss.flanco_bajadaSW1) for flanco_bajadaSW1
    menu.o(.text.instrucciones) refers to menu.o(.bss.antSW2) for antSW2
    menu.o(.text.instrucciones) refers to menu.o(.bss.flanco_bajadaSW2) for flanco_bajadaSW2
    menu.o(.text.instrucciones) refers to menu.o(.bss.caracter) for caracter
    menu.o(.text.instrucciones) refers to leds_y_pulsadores.o(.text.sondea_pulsador) for sondea_pulsador
    menu.o(.text.instrucciones) refers to mostrar_ocultar.o(.text.ocultar_menuPrincipal) for ocultar_menuPrincipal
    menu.o(.text.instrucciones) refers to mostrar_ocultar.o(.text.mostrar_instrucciones) for mostrar_instrucciones
    menu.o(.text.instrucciones) refers to uart.o(.text.UART_Caracter) for UART_Caracter
    menu.o(.text.instrucciones) refers to mostrar_ocultar.o(.text.ocultar_instrucciones) for ocultar_instrucciones
    menu.o(.text.instrucciones) refers to mostrar_ocultar.o(.text.mostrar_menuPrincipal) for mostrar_menuPrincipal
    menu.o(.ARM.exidx.text.instrucciones) refers to menu.o(.text.instrucciones) for [Anonymous Symbol]
    menu.o(.text.mutear) refers to menu.o(.bss.flag_opc_mutear) for flag_opc_mutear
    menu.o(.text.mutear) refers to menu.o(.rodata.str1.1) for .L.str.12
    menu.o(.text.mutear) refers to st7735.o(.text.ST7735_DrawString) for ST7735_DrawString
    menu.o(.text.mutear) refers to menu.o(.bss.cant_palabras) for cant_palabras
    menu.o(.text.mutear) refers to menu.o(.bss.antSW1) for antSW1
    menu.o(.text.mutear) refers to menu.o(.bss.flanco_bajadaSW1) for flanco_bajadaSW1
    menu.o(.text.mutear) refers to menu.o(.bss.antSW2) for antSW2
    menu.o(.text.mutear) refers to menu.o(.bss.flanco_bajadaSW2) for flanco_bajadaSW2
    menu.o(.text.mutear) refers to leds_y_pulsadores.o(.text.sondea_pulsador) for sondea_pulsador
    menu.o(.ARM.exidx.text.mutear) refers to menu.o(.text.mutear) for [Anonymous Symbol]
    menu.o(.text.salir) refers to menu.o(.bss.flag_opc_salir) for flag_opc_salir
    menu.o(.text.salir) refers to menu.o(.rodata.str1.1) for .L.str.13
    menu.o(.text.salir) refers to st7735.o(.text.ST7735_DrawString) for ST7735_DrawString
    menu.o(.text.salir) refers to menu.o(.bss.cant_palabras) for cant_palabras
    menu.o(.text.salir) refers to menu.o(.bss.antSW1) for antSW1
    menu.o(.text.salir) refers to menu.o(.bss.flanco_bajadaSW1) for flanco_bajadaSW1
    menu.o(.text.salir) refers to menu.o(.bss.antSW2) for antSW2
    menu.o(.text.salir) refers to menu.o(.bss.flanco_bajadaSW2) for flanco_bajadaSW2
    menu.o(.text.salir) refers to leds_y_pulsadores.o(.text.sondea_pulsador) for sondea_pulsador
    menu.o(.text.salir) refers to mostrar_ocultar.o(.text.ocultar_menuPrincipal) for ocultar_menuPrincipal
    menu.o(.ARM.exidx.text.salir) refers to menu.o(.text.salir) for [Anonymous Symbol]
    entry.o(.ARM.Collect$$$$00000000) refers (Special) to entry10a.o(.ARM.Collect$$$$0000000D) for __rt_final_cpp
    entry.o(.ARM.Collect$$$$00000000) refers (Special) to entry11a.o(.ARM.Collect$$$$0000000F) for __rt_final_exit
    entry.o(.ARM.Collect$$$$00000000) refers (Special) to entry7b.o(.ARM.Collect$$$$00000008) for _main_clock
    entry.o(.ARM.Collect$$$$00000000) refers (Special) to entry8b.o(.ARM.Collect$$$$0000000A) for _main_cpp_init
    entry.o(.ARM.Collect$$$$00000000) refers (Special) to entry9a.o(.ARM.Collect$$$$0000000B) for _main_init
    entry.o(.ARM.Collect$$$$00000000) refers (Special) to entry5.o(.ARM.Collect$$$$00000004) for _main_scatterload
    entry.o(.ARM.Collect$$$$00000000) refers (Special) to entry2.o(.ARM.Collect$$$$00000001) for _main_stk
    entry2.o(.ARM.Collect$$$$00000001) refers to entry2.o(.ARM.Collect$$$$00002712) for __lit__00000000
    entry2.o(.ARM.Collect$$$$00002712) refers to startup.o(STACK) for __initial_sp
    entry2.o(__vectab_stack_and_reset_area) refers to startup.o(STACK) for __initial_sp
    entry2.o(__vectab_stack_and_reset_area) refers to entry.o(.ARM.Collect$$$$00000000) for __main
    entry5.o(.ARM.Collect$$$$00000004) refers to init.o(.text) for __scatterload
    entry9a.o(.ARM.Collect$$$$0000000B) refers to thelasthope.o(.text.main) for main
    entry9b.o(.ARM.Collect$$$$0000000C) refers to thelasthope.o(.text.main) for main
    init.o(.text) refers to entry5.o(.ARM.Collect$$$$00000004) for __main_after_scatterload


==============================================================================

Removing Unused input sections from the image.

    Removing thelasthope.o(.text), (0 bytes).
    Removing thelasthope.o(.ARM.exidx.text.SysTick_Handler), (8 bytes).
    Removing thelasthope.o(.ARM.exidx.text.main), (8 bytes).
    Removing thelasthope.o(.ARM.use_no_argv), (4 bytes).
    Removing startup.o(HEAP), (0 bytes).
    Removing startup.o(.text), (28 bytes).
    Removing leds_y_pulsadores.o(.text), (0 bytes).
    Removing leds_y_pulsadores.o(.ARM.exidx.text.config_puertoF), (8 bytes).
    Removing leds_y_pulsadores.o(.ARM.exidx.text.sondea_pulsador), (8 bytes).
    Removing leds_y_pulsadores.o(.text.maneja_led), (24 bytes).
    Removing leds_y_pulsadores.o(.ARM.exidx.text.maneja_led), (8 bytes).
    Removing leds_y_pulsadores.o(.text.parpadea_led), (24 bytes).
    Removing leds_y_pulsadores.o(.ARM.exidx.text.parpadea_led), (8 bytes).
    Removing pll.o(.text), (0 bytes).
    Removing pll.o(.ARM.exidx.text.PLL_Init), (8 bytes).
    Removing systick.o(.text), (0 bytes).
    Removing systick.o(.text.SysTick_Init), (26 bytes).
    Removing systick.o(.ARM.exidx.text.SysTick_Init), (8 bytes).
    Removing systick.o(.ARM.exidx.text.ConfiguraSystick_1ms), (8 bytes).
    Removing systick.o(.text.SysTick_Wait), (32 bytes).
    Removing systick.o(.ARM.exidx.text.SysTick_Wait), (8 bytes).
    Removing systick.o(.text.SysTick_Wait10ms), (70 bytes).
    Removing systick.o(.ARM.exidx.text.SysTick_Wait10ms), (8 bytes).
    Removing uart.o(.text), (0 bytes).
    Removing uart.o(.ARM.exidx.text.UART_Init), (8 bytes).
    Removing uart.o(.text.UART_InChar), (20 bytes).
    Removing uart.o(.ARM.exidx.text.UART_InChar), (8 bytes).
    Removing uart.o(.ARM.exidx.text.UART_OutChar), (8 bytes).
    Removing uart.o(.ARM.exidx.text.UART_Caracter), (8 bytes).
    Removing uart.o(.ARM.exidx.text.UART_OutString), (8 bytes).
    Removing uart.o(.ARM.exidx.text.UART_InString), (8 bytes).
    Removing uart.o(.ARM.exidx.text.sondea_UART), (8 bytes).
    Removing st7735.o(.text), (0 bytes).
    Removing st7735.o(.text.Delay1ms), (42 bytes).
    Removing st7735.o(.ARM.exidx.text.Delay1ms), (8 bytes).
    Removing st7735.o(.text.ST7735_InitB), (172 bytes).
    Removing st7735.o(.ARM.exidx.text.ST7735_InitB), (8 bytes).
    Removing st7735.o(.ARM.exidx.text.commonInit), (8 bytes).
    Removing st7735.o(.text.ST7735_SetCursor), (32 bytes).
    Removing st7735.o(.ARM.exidx.text.ST7735_SetCursor), (8 bytes).
    Removing st7735.o(.ARM.exidx.text.ST7735_FillScreen), (8 bytes).
    Removing st7735.o(.ARM.exidx.text.ST7735_InitR), (8 bytes).
    Removing st7735.o(.ARM.exidx.text.commandList), (8 bytes).
    Removing st7735.o(.text.ST7735_DrawPixel), (124 bytes).
    Removing st7735.o(.ARM.exidx.text.ST7735_DrawPixel), (8 bytes).
    Removing st7735.o(.ARM.exidx.text.setAddrWindow), (8 bytes).
    Removing st7735.o(.text.ST7735_DrawFastVLine), (152 bytes).
    Removing st7735.o(.ARM.exidx.text.ST7735_DrawFastVLine), (8 bytes).
    Removing st7735.o(.text.ST7735_DrawFastHLine), (152 bytes).
    Removing st7735.o(.ARM.exidx.text.ST7735_DrawFastHLine), (8 bytes).
    Removing st7735.o(.ARM.exidx.text.ST7735_FillRect), (8 bytes).
    Removing st7735.o(.text.ST7735_Color565), (20 bytes).
    Removing st7735.o(.ARM.exidx.text.ST7735_Color565), (8 bytes).
    Removing st7735.o(.text.ST7735_SwapColor), (16 bytes).
    Removing st7735.o(.ARM.exidx.text.ST7735_SwapColor), (8 bytes).
    Removing st7735.o(.ARM.exidx.text.ST7735_DrawBitmap), (8 bytes).
    Removing st7735.o(.ARM.exidx.text.ST7735_DrawCharS), (8 bytes).
    Removing st7735.o(.text.ST7735_DrawChar), (344 bytes).
    Removing st7735.o(.ARM.exidx.text.ST7735_DrawChar), (8 bytes).
    Removing st7735.o(.ARM.exidx.text.ST7735_DrawString), (8 bytes).
    Removing st7735.o(.text.fillmessage), (70 bytes).
    Removing st7735.o(.ARM.exidx.text.fillmessage), (8 bytes).
    Removing st7735.o(.text.ST7735_OutUDec), (204 bytes).
    Removing st7735.o(.ARM.exidx.text.ST7735_OutUDec), (8 bytes).
    Removing st7735.o(.text.ST7735_SetRotation), (206 bytes).
    Removing st7735.o(.ARM.exidx.text.ST7735_SetRotation), (8 bytes).
    Removing st7735.o(.text.ST7735_InvertDisplay), (68 bytes).
    Removing st7735.o(.ARM.exidx.text.ST7735_InvertDisplay), (8 bytes).
    Removing st7735.o(.text.ST7735_PlotClear), (172 bytes).
    Removing st7735.o(.ARM.exidx.text.ST7735_PlotClear), (8 bytes).
    Removing st7735.o(.text.ST7735_PlotPoint), (526 bytes).
    Removing st7735.o(.ARM.exidx.text.ST7735_PlotPoint), (8 bytes).
    Removing st7735.o(.text.ST7735_PlotLine), (908 bytes).
    Removing st7735.o(.ARM.exidx.text.ST7735_PlotLine), (8 bytes).
    Removing st7735.o(.text.ST7735_PlotPoints), (360 bytes).
    Removing st7735.o(.ARM.exidx.text.ST7735_PlotPoints), (8 bytes).
    Removing st7735.o(.text.ST7735_PlotBar), (212 bytes).
    Removing st7735.o(.ARM.exidx.text.ST7735_PlotBar), (8 bytes).
    Removing st7735.o(.text.ST7735_PlotdBfs), (160 bytes).
    Removing st7735.o(.ARM.exidx.text.ST7735_PlotdBfs), (8 bytes).
    Removing st7735.o(.text.ST7735_PlotNext), (22 bytes).
    Removing st7735.o(.ARM.exidx.text.ST7735_PlotNext), (8 bytes).
    Removing st7735.o(.text.ST7735_PlotNextErase), (134 bytes).
    Removing st7735.o(.ARM.exidx.text.ST7735_PlotNextErase), (8 bytes).
    Removing st7735.o(.text.ST7735_OutChar), (284 bytes).
    Removing st7735.o(.ARM.exidx.text.ST7735_OutChar), (8 bytes).
    Removing st7735.o(.text.ST7735_OutString), (32 bytes).
    Removing st7735.o(.ARM.exidx.text.ST7735_OutString), (8 bytes).
    Removing st7735.o(.text.ST7735_SetTextColor), (12 bytes).
    Removing st7735.o(.ARM.exidx.text.ST7735_SetTextColor), (8 bytes).
    Removing st7735.o(.text.fputc), (12 bytes).
    Removing st7735.o(.ARM.exidx.text.fputc), (8 bytes).
    Removing st7735.o(.text.fgetc), (4 bytes).
    Removing st7735.o(.ARM.exidx.text.fgetc), (8 bytes).
    Removing st7735.o(.text.ferror), (6 bytes).
    Removing st7735.o(.ARM.exidx.text.ferror), (8 bytes).
    Removing st7735.o(.text.Output_Init), (132 bytes).
    Removing st7735.o(.ARM.exidx.text.Output_Init), (8 bytes).
    Removing st7735.o(.text.Output_Clear), (128 bytes).
    Removing st7735.o(.ARM.exidx.text.Output_Clear), (8 bytes).
    Removing st7735.o(.text.Output_Off), (128 bytes).
    Removing st7735.o(.ARM.exidx.text.Output_Off), (8 bytes).
    Removing st7735.o(.text.Output_On), (132 bytes).
    Removing st7735.o(.ARM.exidx.text.Output_On), (8 bytes).
    Removing st7735.o(.text.Output_Color), (12 bytes).
    Removing st7735.o(.ARM.exidx.text.Output_Color), (8 bytes).
    Removing st7735.o(.rodata.Bcmd), (103 bytes).
    Removing st7735.o(.bss.Message), (12 bytes).
    Removing st7735.o(.bss.Messageindex), (4 bytes).
    Removing st7735.o(.bss.Ymax), (4 bytes).
    Removing st7735.o(.bss.Ymin), (4 bytes).
    Removing st7735.o(.bss.Yrange), (4 bytes).
    Removing st7735.o(.bss.X), (4 bytes).
    Removing st7735.o(.bss.lastj), (4 bytes).
    Removing st7735.o(.rodata.dBfs), (512 bytes).
    Removing dac.o(.text), (0 bytes).
    Removing dac.o(.ARM.exidx.text.DAC_Init), (8 bytes).
    Removing dac.o(.ARM.exidx.text.DAC_Out), (8 bytes).
    Removing modo_juego.o(.text), (0 bytes).
    Removing modo_juego.o(.text.mueve_fila), (124 bytes).
    Removing modo_juego.o(.ARM.exidx.text.mueve_fila), (8 bytes).
    Removing modo_juego.o(.ARM.exidx.text.mueve_aliens), (8 bytes).
    Removing modo_juego.o(.ARM.exidx.text.genera_proyectil), (8 bytes).
    Removing modo_juego.o(.ARM.exidx.text.mueve_proyectiles), (8 bytes).
    Removing modo_juego.o(.text.modifica_arreglo_proy), (44 bytes).
    Removing modo_juego.o(.ARM.exidx.text.modifica_arreglo_proy), (8 bytes).
    Removing modo_juego.o(.ARM.exidx.text.borra_proyectiles), (8 bytes).
    Removing modo_juego.o(.ARM.exidx.text.proyectil_a_alguien), (8 bytes).
    Removing modo_juego.o(.ARM.exidx.text.proyectil_por_fila), (8 bytes).
    Removing modo_juego.o(.ARM.exidx.text.proyectil_a_aliens), (8 bytes).
    Removing modo_juego.o(.ARM.exidx.text.evalua_flags), (8 bytes).
    Removing mostrar_ocultar.o(.text), (0 bytes).
    Removing mostrar_ocultar.o(.ARM.exidx.text.mostrar_menuPrincipal), (8 bytes).
    Removing mostrar_ocultar.o(.ARM.exidx.text.mostrarInicio), (8 bytes).
    Removing mostrar_ocultar.o(.ARM.exidx.text.ocultarInicio), (8 bytes).
    Removing mostrar_ocultar.o(.ARM.exidx.text.ocultar_menuPrincipal), (8 bytes).
    Removing mostrar_ocultar.o(.ARM.exidx.text.mostrar_menuPartida), (8 bytes).
    Removing mostrar_ocultar.o(.ARM.exidx.text.ocultar_menuPartida), (8 bytes).
    Removing mostrar_ocultar.o(.ARM.exidx.text.mostrar_instrucciones), (8 bytes).
    Removing mostrar_ocultar.o(.ARM.exidx.text.ocultar_instrucciones), (8 bytes).
    Removing menu.o(.text), (0 bytes).
    Removing menu.o(.ARM.exidx.text.temp1), (8 bytes).
    Removing menu.o(.ARM.exidx.text.temp2), (8 bytes).
    Removing menu.o(.ARM.exidx.text.trabaja_jugador), (8 bytes).
    Removing menu.o(.ARM.exidx.text.juego), (8 bytes).
    Removing menu.o(.text.ordena_puntajes), (104 bytes).
    Removing menu.o(.ARM.exidx.text.ordena_puntajes), (8 bytes).
    Removing menu.o(.ARM.exidx.text.maneja_leaderboard), (8 bytes).
    Removing menu.o(.ARM.exidx.text.nueva), (8 bytes).
    Removing menu.o(.ARM.exidx.text.leaderboard), (8 bytes).
    Removing menu.o(.ARM.exidx.text.retornar), (8 bytes).
    Removing menu.o(.ARM.exidx.text.partida), (8 bytes).
    Removing menu.o(.ARM.exidx.text.instrucciones), (8 bytes).
    Removing menu.o(.ARM.exidx.text.mutear), (8 bytes).
    Removing menu.o(.ARM.exidx.text.salir), (8 bytes).

155 unused section(s) (total 6865 bytes) removed from the image.

==============================================================================

Image Symbol Table

    Local Symbols

    Symbol Name                              Value     Ov Type        Size  Object(Section)

    ../clib/microlib/init/entry.s            0x00000000   Number         0  entry.o ABSOLUTE
    ../clib/microlib/init/entry.s            0x00000000   Number         0  entry2.o ABSOLUTE
    ../clib/microlib/init/entry.s            0x00000000   Number         0  entry5.o ABSOLUTE
    ../clib/microlib/init/entry.s            0x00000000   Number         0  entry7a.o ABSOLUTE
    ../clib/microlib/init/entry.s            0x00000000   Number         0  entry7b.o ABSOLUTE
    ../clib/microlib/init/entry.s            0x00000000   Number         0  entry8a.o ABSOLUTE
    ../clib/microlib/init/entry.s            0x00000000   Number         0  entry8b.o ABSOLUTE
    ../clib/microlib/init/entry.s            0x00000000   Number         0  entry9a.o ABSOLUTE
    ../clib/microlib/init/entry.s            0x00000000   Number         0  entry9b.o ABSOLUTE
    ../clib/microlib/init/entry.s            0x00000000   Number         0  entry10a.o ABSOLUTE
    ../clib/microlib/init/entry.s            0x00000000   Number         0  entry10b.o ABSOLUTE
    ../clib/microlib/init/entry.s            0x00000000   Number         0  entry11a.o ABSOLUTE
    ../clib/microlib/init/entry.s            0x00000000   Number         0  entry11b.o ABSOLUTE
    DAC.c                                    0x00000000   Number         0  dac.o ABSOLUTE
    LEDS_Y_PULSADORES.c                      0x00000000   Number         0  leds_y_pulsadores.o ABSOLUTE
    MENU.c                                   0x00000000   Number         0  menu.o ABSOLUTE
    MODO_JUEGO.c                             0x00000000   Number         0  modo_juego.o ABSOLUTE
    PLL.c                                    0x00000000   Number         0  pll.o ABSOLUTE
    ST7735.c                                 0x00000000   Number         0  st7735.o ABSOLUTE
    SysTick.c                                0x00000000   Number         0  systick.o ABSOLUTE
    TheLastHope.c                            0x00000000   Number         0  thelasthope.o ABSOLUTE
    UART.c                                   0x00000000   Number         0  uart.o ABSOLUTE
    dc.s                                     0x00000000   Number         0  dc.o ABSOLUTE
    handlers.s                               0x00000000   Number         0  handlers.o ABSOLUTE
    init.s                                   0x00000000   Number         0  init.o ABSOLUTE
    mostrar_ocultar.c                        0x00000000   Number         0  mostrar_ocultar.o ABSOLUTE
    startup.s                                0x00000000   Number         0  startup.o ABSOLUTE
    RESET                                    0x00000000   Section      644  startup.o(RESET)
    .ARM.Collect$$$$00000000                 0x00000284   Section        0  entry.o(.ARM.Collect$$$$00000000)
    .ARM.Collect$$$$00000001                 0x00000284   Section        4  entry2.o(.ARM.Collect$$$$00000001)
    .ARM.Collect$$$$00000004                 0x00000288   Section        4  entry5.o(.ARM.Collect$$$$00000004)
    .ARM.Collect$$$$00000008                 0x0000028c   Section        0  entry7b.o(.ARM.Collect$$$$00000008)
    .ARM.Collect$$$$0000000A                 0x0000028c   Section        0  entry8b.o(.ARM.Collect$$$$0000000A)
    .ARM.Collect$$$$0000000B                 0x0000028c   Section        8  entry9a.o(.ARM.Collect$$$$0000000B)
    __lit__00000000                          0x00000294   Data           4  entry2.o(.ARM.Collect$$$$00002712)
    .ARM.Collect$$$$0000000D                 0x00000294   Section        0  entry10a.o(.ARM.Collect$$$$0000000D)
    .ARM.Collect$$$$0000000F                 0x00000294   Section        0  entry11a.o(.ARM.Collect$$$$0000000F)
    .ARM.Collect$$$$00002712                 0x00000294   Section        4  entry2.o(.ARM.Collect$$$$00002712)
    .text                                    0x00000298   Section       48  init.o(.text)
    [Anonymous Symbol]                       0x000002c8   Section        0  systick.o(.text.ConfiguraSystick_1ms)
    [Anonymous Symbol]                       0x000002fc   Section        0  dac.o(.text.DAC_Init)
    [Anonymous Symbol]                       0x0000035c   Section        0  dac.o(.text.DAC_Out)
    [Anonymous Symbol]                       0x00000368   Section        0  pll.o(.text.PLL_Init)
    [Anonymous Symbol]                       0x000003d4   Section        0  st7735.o(.text.ST7735_DrawBitmap)
    [Anonymous Symbol]                       0x00000508   Section        0  st7735.o(.text.ST7735_DrawCharS)
    [Anonymous Symbol]                       0x0000072c   Section        0  st7735.o(.text.ST7735_DrawString)
    [Anonymous Symbol]                       0x00000798   Section        0  st7735.o(.text.ST7735_FillRect)
    [Anonymous Symbol]                       0x0000084c   Section        0  st7735.o(.text.ST7735_FillScreen)
    [Anonymous Symbol]                       0x000008d4   Section        0  st7735.o(.text.ST7735_InitR)
    [Anonymous Symbol]                       0x00000a00   Section        0  thelasthope.o(.text.SysTick_Handler)
    [Anonymous Symbol]                       0x00000a94   Section        0  uart.o(.text.UART_Caracter)
    [Anonymous Symbol]                       0x00000aa8   Section        0  uart.o(.text.UART_InString)
    [Anonymous Symbol]                       0x00000b18   Section        0  uart.o(.text.UART_Init)
    [Anonymous Symbol]                       0x00000b9c   Section        0  uart.o(.text.UART_OutChar)
    [Anonymous Symbol]                       0x00000bb0   Section        0  uart.o(.text.UART_OutString)
    [Anonymous Symbol]                       0x00000bd4   Section        0  modo_juego.o(.text.borra_proyectiles)
    commandList                              0x00000cfd   Thumb Code   168  st7735.o(.text.commandList)
    [Anonymous Symbol]                       0x00000cfc   Section        0  st7735.o(.text.commandList)
    commonInit                               0x00000da5   Thumb Code   428  st7735.o(.text.commonInit)
    [Anonymous Symbol]                       0x00000da4   Section        0  st7735.o(.text.commonInit)
    [Anonymous Symbol]                       0x00000f50   Section        0  leds_y_pulsadores.o(.text.config_puertoF)
    [Anonymous Symbol]                       0x00000fec   Section        0  modo_juego.o(.text.evalua_flags)
    [Anonymous Symbol]                       0x00001030   Section        0  modo_juego.o(.text.genera_proyectil)
    [Anonymous Symbol]                       0x00001090   Section        0  menu.o(.text.instrucciones)
    [Anonymous Symbol]                       0x00001164   Section        0  menu.o(.text.juego)
    [Anonymous Symbol]                       0x00001368   Section        0  menu.o(.text.leaderboard)
    [Anonymous Symbol]                       0x000014bc   Section        0  thelasthope.o(.text.main)
    [Anonymous Symbol]                       0x0000154c   Section        0  menu.o(.text.maneja_leaderboard)
    [Anonymous Symbol]                       0x0000179c   Section        0  mostrar_ocultar.o(.text.mostrarInicio)
    [Anonymous Symbol]                       0x000017e0   Section        0  mostrar_ocultar.o(.text.mostrar_instrucciones)
    [Anonymous Symbol]                       0x00001888   Section        0  mostrar_ocultar.o(.text.mostrar_menuPartida)
    [Anonymous Symbol]                       0x000018e0   Section        0  mostrar_ocultar.o(.text.mostrar_menuPrincipal)
    [Anonymous Symbol]                       0x0000194c   Section        0  modo_juego.o(.text.mueve_aliens)
    [Anonymous Symbol]                       0x00001a08   Section        0  modo_juego.o(.text.mueve_proyectiles)
    [Anonymous Symbol]                       0x00001aa8   Section        0  menu.o(.text.mutear)
    [Anonymous Symbol]                       0x00001b60   Section        0  menu.o(.text.nueva)
    [Anonymous Symbol]                       0x00001d28   Section        0  mostrar_ocultar.o(.text.ocultarInicio)
    [Anonymous Symbol]                       0x00001d64   Section        0  mostrar_ocultar.o(.text.ocultar_instrucciones)
    [Anonymous Symbol]                       0x00001dfc   Section        0  mostrar_ocultar.o(.text.ocultar_menuPartida)
    [Anonymous Symbol]                       0x00001e4c   Section        0  mostrar_ocultar.o(.text.ocultar_menuPrincipal)
    [Anonymous Symbol]                       0x00001eac   Section        0  menu.o(.text.partida)
    [Anonymous Symbol]                       0x00001f98   Section        0  modo_juego.o(.text.proyectil_a_alguien)
    [Anonymous Symbol]                       0x0000208c   Section        0  modo_juego.o(.text.proyectil_a_aliens)
    [Anonymous Symbol]                       0x000020ec   Section        0  modo_juego.o(.text.proyectil_por_fila)
    [Anonymous Symbol]                       0x00002204   Section        0  menu.o(.text.retornar)
    [Anonymous Symbol]                       0x000022d0   Section        0  menu.o(.text.salir)
    setAddrWindow                            0x0000238d   Thumb Code   310  st7735.o(.text.setAddrWindow)
    [Anonymous Symbol]                       0x0000238c   Section        0  st7735.o(.text.setAddrWindow)
    [Anonymous Symbol]                       0x000024c4   Section        0  uart.o(.text.sondea_UART)
    [Anonymous Symbol]                       0x000024e4   Section        0  leds_y_pulsadores.o(.text.sondea_pulsador)
    [Anonymous Symbol]                       0x00002510   Section        0  menu.o(.text.temp1)
    [Anonymous Symbol]                       0x00002520   Section        0  menu.o(.text.temp2)
    [Anonymous Symbol]                       0x00002530   Section        0  menu.o(.text.trabaja_jugador)
    i.__scatterload_copy                     0x00002664   Section       14  handlers.o(i.__scatterload_copy)
    i.__scatterload_null                     0x00002672   Section        2  handlers.o(i.__scatterload_null)
    i.__scatterload_zeroinit                 0x00002674   Section       14  handlers.o(i.__scatterload_zeroinit)
    Font                                     0x00002682   Data        1275  st7735.o(.rodata.Font)
    [Anonymous Symbol]                       0x00002682   Section        0  st7735.o(.rodata.Font)
    Rcmd1                                    0x00002b7d   Data          59  st7735.o(.rodata.Rcmd1)
    [Anonymous Symbol]                       0x00002b7d   Section        0  st7735.o(.rodata.Rcmd1)
    Rcmd2green                               0x00002bb8   Data          13  st7735.o(.rodata.Rcmd2green)
    [Anonymous Symbol]                       0x00002bb8   Section        0  st7735.o(.rodata.Rcmd2green)
    Rcmd2red                                 0x00002bc5   Data          13  st7735.o(.rodata.Rcmd2red)
    [Anonymous Symbol]                       0x00002bc5   Section        0  st7735.o(.rodata.Rcmd2red)
    Rcmd3                                    0x00002bd2   Data          43  st7735.o(.rodata.Rcmd3)
    [Anonymous Symbol]                       0x00002bd2   Section        0  st7735.o(.rodata.Rcmd3)
    fondo_negro                              0x000031ae   Data         704  modo_juego.o(.rodata.fondo_negro)
    [Anonymous Symbol]                       0x000031ae   Section        0  modo_juego.o(.rodata.fondo_negro)
    fondo_negro                              0x0000346e   Data         704  menu.o(.rodata.fondo_negro)
    [Anonymous Symbol]                       0x0000346e   Section        0  menu.o(.rodata.fondo_negro)
    gano                                     0x0000372e   Data         720  menu.o(.rodata.gano)
    [Anonymous Symbol]                       0x0000372e   Section        0  menu.o(.rodata.gano)
    nave_def                                 0x000039fe   Data         704  menu.o(.rodata.nave_def)
    [Anonymous Symbol]                       0x000039fe   Section        0  menu.o(.rodata.nave_def)
    perdio                                   0x00003cbe   Data         720  menu.o(.rodata.perdio)
    [Anonymous Symbol]                       0x00003cbe   Section        0  menu.o(.rodata.perdio)
    proyectil_nave                           0x00003f9e   Data          16  modo_juego.o(.rodata.proyectil_nave)
    [Anonymous Symbol]                       0x00003f9e   Section        0  modo_juego.o(.rodata.proyectil_nave)
    proyectil_nave                           0x00003fae   Data          16  menu.o(.rodata.proyectil_nave)
    [Anonymous Symbol]                       0x00003fae   Section        0  menu.o(.rodata.proyectil_nave)
    .L.str.6                                 0x00003fce   Data          16  mostrar_ocultar.o(.rodata.str1.1)
    [Anonymous Symbol]                       0x00003fce   Section        0  mostrar_ocultar.o(.rodata.str1.1)
    .L.str.8                                 0x00003fde   Data          16  mostrar_ocultar.o(.rodata.str1.1)
    .L.str.5                                 0x00003fee   Data          14  mostrar_ocultar.o(.rodata.str1.1)
    .L.str                                   0x00003ffc   Data          15  mostrar_ocultar.o(.rodata.str1.1)
    .L.str.12                                0x0000400b   Data          14  mostrar_ocultar.o(.rodata.str1.1)
    .L.str.1                                 0x00004019   Data          16  mostrar_ocultar.o(.rodata.str1.1)
    .L.str.11                                0x00004019   Data          16  mostrar_ocultar.o(.rodata.str1.1)
    .L.str.6                                 0x00004029   Data          14  mostrar_ocultar.o(.rodata.str1.1)
    .L.str.9                                 0x00004029   Data          14  mostrar_ocultar.o(.rodata.str1.1)
    .L.str.10                                0x00004037   Data          12  mostrar_ocultar.o(.rodata.str1.1)
    .L.str.7                                 0x00004037   Data          12  mostrar_ocultar.o(.rodata.str1.1)
    .L.str.17                                0x00004043   Data          11  mostrar_ocultar.o(.rodata.str1.1)
    .L.str.15                                0x0000404e   Data          18  mostrar_ocultar.o(.rodata.str1.1)
    .L.str.13                                0x00004060   Data          19  mostrar_ocultar.o(.rodata.str1.1)
    .L.str.13                                0x00004073   Data           7  mostrar_ocultar.o(.rodata.str1.1)
    .L.str.3                                 0x00004073   Data           7  mostrar_ocultar.o(.rodata.str1.1)
    .L.str.11                                0x0000407a   Data           9  mostrar_ocultar.o(.rodata.str1.1)
    .L.str.5                                 0x0000407a   Data           9  mostrar_ocultar.o(.rodata.str1.1)
    .L.str.18                                0x00004083   Data          14  mostrar_ocultar.o(.rodata.str1.1)
    .L.str.16                                0x00004091   Data          18  mostrar_ocultar.o(.rodata.str1.1)
    .L.str.14                                0x000040a3   Data          19  mostrar_ocultar.o(.rodata.str1.1)
    .L.str.10                                0x000040b6   Data           6  mostrar_ocultar.o(.rodata.str1.1)
    .L.str.4                                 0x000040b6   Data           6  mostrar_ocultar.o(.rodata.str1.1)
    .L.str.7                                 0x000040bc   Data          11  mostrar_ocultar.o(.rodata.str1.1)
    .L.str.12                                0x000040c7   Data          14  mostrar_ocultar.o(.rodata.str1.1)
    .L.str.2                                 0x000040c7   Data          14  mostrar_ocultar.o(.rodata.str1.1)
    .L.str.19                                0x000040d5   Data           8  mostrar_ocultar.o(.rodata.str1.1)
    [Anonymous Symbol]                       0x000040dd   Section        0  menu.o(.rodata.str1.1)
    .L.str.8                                 0x000040f8   Data          11  menu.o(.rodata.str1.1)
    .L.str.9                                 0x00004103   Data          11  menu.o(.rodata.str1.1)
    ColStart                                 0x20000008   Data           1  st7735.o(.bss.ColStart)
    [Anonymous Symbol]                       0x20000008   Section        0  st7735.o(.bss.ColStart)
    RowStart                                 0x20000009   Data           1  st7735.o(.bss.RowStart)
    [Anonymous Symbol]                       0x20000009   Section        0  st7735.o(.bss.RowStart)
    TabColor                                 0x20000014   Data           1  st7735.o(.bss.TabColor)
    [Anonymous Symbol]                       0x20000014   Section        0  st7735.o(.bss.TabColor)
    _height                                  0x20000016   Data           1  st7735.o(.bss._height)
    [Anonymous Symbol]                       0x20000016   Section        0  st7735.o(.bss._height)
    _width                                   0x20000018   Data           1  st7735.o(.bss._width)
    [Anonymous Symbol]                       0x20000018   Section        0  st7735.o(.bss._width)
    StackMem                                 0x20000050   Data           0  startup.o(STACK)
    STACK                                    0x20000050   Section     1024  startup.o(STACK)

    Global Symbols

    Symbol Name                              Value     Ov Type        Size  Object(Section)

    BuildAttributes$$THM_ISAv4$E$P$D$K$B$S$7EM$PE$A:L22UL41UL21$X:L11$S22US41US21$IEEE1$IW$~IW$USESV6$~STKCKD$USESV7$~SHL$OTIME$EBA8$MICROLIB$REQ8$PRES8$EABIv2 0x00000000   Number         0  anon$$obj.o ABSOLUTE
    __Vectors                                0x00000000   Data           0  startup.o(RESET)
    __cpp_initialize__aeabi_                  - Undefined Weak Reference
    __cxa_finalize                            - Undefined Weak Reference
    __decompress                              - Undefined Weak Reference
    _clock_init                               - Undefined Weak Reference
    _microlib_exit                            - Undefined Weak Reference
    Reset_Handler                            0x0000026d   Thumb Code     0  startup.o(RESET)
    NMI_Handler                              0x00000271   Thumb Code     2  startup.o(RESET)
    HardFault_Handler                        0x00000273   Thumb Code     2  startup.o(RESET)
    MemManage_Handler                        0x00000275   Thumb Code     2  startup.o(RESET)
    BusFault_Handler                         0x00000277   Thumb Code     2  startup.o(RESET)
    UsageFault_Handler                       0x00000279   Thumb Code     2  startup.o(RESET)
    SVC_Handler                              0x0000027b   Thumb Code     2  startup.o(RESET)
    DebugMon_Handler                         0x0000027d   Thumb Code     2  startup.o(RESET)
    PendSV_Handler                           0x0000027f   Thumb Code     2  startup.o(RESET)
    ADC0Seq0_Handler                         0x00000283   Thumb Code     0  startup.o(RESET)
    ADC0Seq1_Handler                         0x00000283   Thumb Code     0  startup.o(RESET)
    ADC0Seq2_Handler                         0x00000283   Thumb Code     0  startup.o(RESET)
    ADC0Seq3_Handler                         0x00000283   Thumb Code     0  startup.o(RESET)
    ADC1Seq0_Handler                         0x00000283   Thumb Code     0  startup.o(RESET)
    ADC1Seq1_Handler                         0x00000283   Thumb Code     0  startup.o(RESET)
    ADC1Seq2_Handler                         0x00000283   Thumb Code     0  startup.o(RESET)
    ADC1Seq3_Handler                         0x00000283   Thumb Code     0  startup.o(RESET)
    CAN0_Handler                             0x00000283   Thumb Code     0  startup.o(RESET)
    CAN1_Handler                             0x00000283   Thumb Code     0  startup.o(RESET)
    CAN2_Handler                             0x00000283   Thumb Code     0  startup.o(RESET)
    Comp0_Handler                            0x00000283   Thumb Code     0  startup.o(RESET)
    Comp1_Handler                            0x00000283   Thumb Code     0  startup.o(RESET)
    Comp2_Handler                            0x00000283   Thumb Code     0  startup.o(RESET)
    Ethernet_Handler                         0x00000283   Thumb Code     0  startup.o(RESET)
    ExtBus_Handler                           0x00000283   Thumb Code     0  startup.o(RESET)
    FPU_Handler                              0x00000283   Thumb Code     0  startup.o(RESET)
    Fan0_Handler                             0x00000283   Thumb Code     0  startup.o(RESET)
    FlashCtl_Handler                         0x00000283   Thumb Code     0  startup.o(RESET)
    GPIOPortA_Handler                        0x00000283   Thumb Code     0  startup.o(RESET)
    GPIOPortB_Handler                        0x00000283   Thumb Code     0  startup.o(RESET)
    GPIOPortC_Handler                        0x00000283   Thumb Code     0  startup.o(RESET)
    GPIOPortD_Handler                        0x00000283   Thumb Code     0  startup.o(RESET)
    GPIOPortE_Handler                        0x00000283   Thumb Code     0  startup.o(RESET)
    GPIOPortF_Handler                        0x00000283   Thumb Code     0  startup.o(RESET)
    GPIOPortG_Handler                        0x00000283   Thumb Code     0  startup.o(RESET)
    GPIOPortH_Handler                        0x00000283   Thumb Code     0  startup.o(RESET)
    GPIOPortJ_Handler                        0x00000283   Thumb Code     0  startup.o(RESET)
    GPIOPortK_Handler                        0x00000283   Thumb Code     0  startup.o(RESET)
    GPIOPortL_Handler                        0x00000283   Thumb Code     0  startup.o(RESET)
    GPIOPortM_Handler                        0x00000283   Thumb Code     0  startup.o(RESET)
    GPIOPortN_Handler                        0x00000283   Thumb Code     0  startup.o(RESET)
    GPIOPortP1_Handler                       0x00000283   Thumb Code     0  startup.o(RESET)
    GPIOPortP2_Handler                       0x00000283   Thumb Code     0  startup.o(RESET)
    GPIOPortP3_Handler                       0x00000283   Thumb Code     0  startup.o(RESET)
    GPIOPortP4_Handler                       0x00000283   Thumb Code     0  startup.o(RESET)
    GPIOPortP5_Handler                       0x00000283   Thumb Code     0  startup.o(RESET)
    GPIOPortP6_Handler                       0x00000283   Thumb Code     0  startup.o(RESET)
    GPIOPortP7_Handler                       0x00000283   Thumb Code     0  startup.o(RESET)
    GPIOPortP_Handler                        0x00000283   Thumb Code     0  startup.o(RESET)
    GPIOPortQ1_Handler                       0x00000283   Thumb Code     0  startup.o(RESET)
    GPIOPortQ2_Handler                       0x00000283   Thumb Code     0  startup.o(RESET)
    GPIOPortQ3_Handler                       0x00000283   Thumb Code     0  startup.o(RESET)
    GPIOPortQ4_Handler                       0x00000283   Thumb Code     0  startup.o(RESET)
    GPIOPortQ5_Handler                       0x00000283   Thumb Code     0  startup.o(RESET)
    GPIOPortQ6_Handler                       0x00000283   Thumb Code     0  startup.o(RESET)
    GPIOPortQ7_Handler                       0x00000283   Thumb Code     0  startup.o(RESET)
    GPIOPortQ_Handler                        0x00000283   Thumb Code     0  startup.o(RESET)
    GPIOPortR_Handler                        0x00000283   Thumb Code     0  startup.o(RESET)
    GPIOPortS_Handler                        0x00000283   Thumb Code     0  startup.o(RESET)
    Hibernate_Handler                        0x00000283   Thumb Code     0  startup.o(RESET)
    I2C0_Handler                             0x00000283   Thumb Code     0  startup.o(RESET)
    I2C1_Handler                             0x00000283   Thumb Code     0  startup.o(RESET)
    I2C2_Handler                             0x00000283   Thumb Code     0  startup.o(RESET)
    I2C3_Handler                             0x00000283   Thumb Code     0  startup.o(RESET)
    I2C4_Handler                             0x00000283   Thumb Code     0  startup.o(RESET)
    I2C5_Handler                             0x00000283   Thumb Code     0  startup.o(RESET)
    I2S0_Handler                             0x00000283   Thumb Code     0  startup.o(RESET)
    LPC0_Handler                             0x00000283   Thumb Code     0  startup.o(RESET)
    PECI0_Handler                            0x00000283   Thumb Code     0  startup.o(RESET)
    PWM0Fault_Handler                        0x00000283   Thumb Code     0  startup.o(RESET)
    PWM0Generator0_Handler                   0x00000283   Thumb Code     0  startup.o(RESET)
    PWM0Generator1_Handler                   0x00000283   Thumb Code     0  startup.o(RESET)
    PWM0Generator2_Handler                   0x00000283   Thumb Code     0  startup.o(RESET)
    PWM0Generator3_Handler                   0x00000283   Thumb Code     0  startup.o(RESET)
    PWM1Fault_Handler                        0x00000283   Thumb Code     0  startup.o(RESET)
    PWM1Generator0_Handler                   0x00000283   Thumb Code     0  startup.o(RESET)
    PWM1Generator1_Handler                   0x00000283   Thumb Code     0  startup.o(RESET)
    PWM1Generator2_Handler                   0x00000283   Thumb Code     0  startup.o(RESET)
    PWM1Generator3_Handler                   0x00000283   Thumb Code     0  startup.o(RESET)
    Quadrature0_Handler                      0x00000283   Thumb Code     0  startup.o(RESET)
    Quadrature1_Handler                      0x00000283   Thumb Code     0  startup.o(RESET)
    Quadrature2_Handler                      0x00000283   Thumb Code     0  startup.o(RESET)
    SSI0_Handler                             0x00000283   Thumb Code     0  startup.o(RESET)
    SSI1_Handler                             0x00000283   Thumb Code     0  startup.o(RESET)
    SSI2_Handler                             0x00000283   Thumb Code     0  startup.o(RESET)
    SSI3_Handler                             0x00000283   Thumb Code     0  startup.o(RESET)
    SysCtl_Handler                           0x00000283   Thumb Code     0  startup.o(RESET)
    Timer0A_Handler                          0x00000283   Thumb Code     0  startup.o(RESET)
    Timer0B_Handler                          0x00000283   Thumb Code     0  startup.o(RESET)
    Timer1A_Handler                          0x00000283   Thumb Code     0  startup.o(RESET)
    Timer1B_Handler                          0x00000283   Thumb Code     0  startup.o(RESET)
    Timer2A_Handler                          0x00000283   Thumb Code     0  startup.o(RESET)
    Timer2B_Handler                          0x00000283   Thumb Code     0  startup.o(RESET)
    Timer3A_Handler                          0x00000283   Thumb Code     0  startup.o(RESET)
    Timer3B_Handler                          0x00000283   Thumb Code     0  startup.o(RESET)
    Timer4A_Handler                          0x00000283   Thumb Code     0  startup.o(RESET)
    Timer4B_Handler                          0x00000283   Thumb Code     0  startup.o(RESET)
    Timer5A_Handler                          0x00000283   Thumb Code     0  startup.o(RESET)
    Timer5B_Handler                          0x00000283   Thumb Code     0  startup.o(RESET)
    UART0_Handler                            0x00000283   Thumb Code     0  startup.o(RESET)
    UART1_Handler                            0x00000283   Thumb Code     0  startup.o(RESET)
    UART2_Handler                            0x00000283   Thumb Code     0  startup.o(RESET)
    UART3_Handler                            0x00000283   Thumb Code     0  startup.o(RESET)
    UART4_Handler                            0x00000283   Thumb Code     0  startup.o(RESET)
    UART5_Handler                            0x00000283   Thumb Code     0  startup.o(RESET)
    UART6_Handler                            0x00000283   Thumb Code     0  startup.o(RESET)
    UART7_Handler                            0x00000283   Thumb Code     0  startup.o(RESET)
    USB0_Handler                             0x00000283   Thumb Code     0  startup.o(RESET)
    WDT_Handler                              0x00000283   Thumb Code     0  startup.o(RESET)
    WideTimer0A_Handler                      0x00000283   Thumb Code     0  startup.o(RESET)
    WideTimer0B_Handler                      0x00000283   Thumb Code     0  startup.o(RESET)
    WideTimer1A_Handler                      0x00000283   Thumb Code     0  startup.o(RESET)
    WideTimer1B_Handler                      0x00000283   Thumb Code     0  startup.o(RESET)
    WideTimer2A_Handler                      0x00000283   Thumb Code     0  startup.o(RESET)
    WideTimer2B_Handler                      0x00000283   Thumb Code     0  startup.o(RESET)
    WideTimer3A_Handler                      0x00000283   Thumb Code     0  startup.o(RESET)
    WideTimer3B_Handler                      0x00000283   Thumb Code     0  startup.o(RESET)
    WideTimer4A_Handler                      0x00000283   Thumb Code     0  startup.o(RESET)
    WideTimer4B_Handler                      0x00000283   Thumb Code     0  startup.o(RESET)
    WideTimer5A_Handler                      0x00000283   Thumb Code     0  startup.o(RESET)
    WideTimer5B_Handler                      0x00000283   Thumb Code     0  startup.o(RESET)
    uDMA_Error                               0x00000283   Thumb Code     0  startup.o(RESET)
    uDMA_Handler                             0x00000283   Thumb Code     0  startup.o(RESET)
    __main                                   0x00000285   Thumb Code     0  entry.o(.ARM.Collect$$$$00000000)
    _main_stk                                0x00000285   Thumb Code     0  entry2.o(.ARM.Collect$$$$00000001)
    _main_scatterload                        0x00000289   Thumb Code     0  entry5.o(.ARM.Collect$$$$00000004)
    __main_after_scatterload                 0x0000028d   Thumb Code     0  entry5.o(.ARM.Collect$$$$00000004)
    _main_clock                              0x0000028d   Thumb Code     0  entry7b.o(.ARM.Collect$$$$00000008)
    _main_cpp_init                           0x0000028d   Thumb Code     0  entry8b.o(.ARM.Collect$$$$0000000A)
    _main_init                               0x0000028d   Thumb Code     0  entry9a.o(.ARM.Collect$$$$0000000B)
    __rt_final_cpp                           0x00000295   Thumb Code     0  entry10a.o(.ARM.Collect$$$$0000000D)
    __rt_final_exit                          0x00000295   Thumb Code     0  entry11a.o(.ARM.Collect$$$$0000000F)
    __scatterload                            0x00000299   Thumb Code    38  init.o(.text)
    __scatterload_rt2                        0x00000299   Thumb Code     0  init.o(.text)
    ConfiguraSystick_1ms                     0x000002c9   Thumb Code    50  systick.o(.text.ConfiguraSystick_1ms)
    DAC_Init                                 0x000002fd   Thumb Code    94  dac.o(.text.DAC_Init)
    DAC_Out                                  0x0000035d   Thumb Code    12  dac.o(.text.DAC_Out)
    PLL_Init                                 0x00000369   Thumb Code   106  pll.o(.text.PLL_Init)
    ST7735_DrawBitmap                        0x000003d5   Thumb Code   306  st7735.o(.text.ST7735_DrawBitmap)
    ST7735_DrawCharS                         0x00000509   Thumb Code   548  st7735.o(.text.ST7735_DrawCharS)
    ST7735_DrawString                        0x0000072d   Thumb Code   106  st7735.o(.text.ST7735_DrawString)
    ST7735_FillRect                          0x00000799   Thumb Code   180  st7735.o(.text.ST7735_FillRect)
    ST7735_FillScreen                        0x0000084d   Thumb Code   136  st7735.o(.text.ST7735_FillScreen)
    ST7735_InitR                             0x000008d5   Thumb Code   298  st7735.o(.text.ST7735_InitR)
    SysTick_Handler                          0x00000a01   Thumb Code   148  thelasthope.o(.text.SysTick_Handler)
    UART_Caracter                            0x00000a95   Thumb Code    20  uart.o(.text.UART_Caracter)
    UART_InString                            0x00000aa9   Thumb Code   110  uart.o(.text.UART_InString)
    UART_Init                                0x00000b19   Thumb Code   132  uart.o(.text.UART_Init)
    UART_OutChar                             0x00000b9d   Thumb Code    18  uart.o(.text.UART_OutChar)
    UART_OutString                           0x00000bb1   Thumb Code    36  uart.o(.text.UART_OutString)
    borra_proyectiles                        0x00000bd5   Thumb Code   296  modo_juego.o(.text.borra_proyectiles)
    config_puertoF                           0x00000f51   Thumb Code   154  leds_y_pulsadores.o(.text.config_puertoF)
    evalua_flags                             0x00000fed   Thumb Code    66  modo_juego.o(.text.evalua_flags)
    genera_proyectil                         0x00001031   Thumb Code    96  modo_juego.o(.text.genera_proyectil)
    instrucciones                            0x00001091   Thumb Code   210  menu.o(.text.instrucciones)
    juego                                    0x00001165   Thumb Code   504  menu.o(.text.juego)
    leaderboard                              0x00001369   Thumb Code   340  menu.o(.text.leaderboard)
    main                                     0x000014bd   Thumb Code   144  thelasthope.o(.text.main)
    maneja_leaderboard                       0x0000154d   Thumb Code   536  menu.o(.text.maneja_leaderboard)
    mostrarInicio                            0x0000179d   Thumb Code    66  mostrar_ocultar.o(.text.mostrarInicio)
    mostrar_instrucciones                    0x000017e1   Thumb Code   166  mostrar_ocultar.o(.text.mostrar_instrucciones)
    mostrar_menuPartida                      0x00001889   Thumb Code    86  mostrar_ocultar.o(.text.mostrar_menuPartida)
    mostrar_menuPrincipal                    0x000018e1   Thumb Code   106  mostrar_ocultar.o(.text.mostrar_menuPrincipal)
    mueve_aliens                             0x0000194d   Thumb Code   186  modo_juego.o(.text.mueve_aliens)
    mueve_proyectiles                        0x00001a09   Thumb Code   160  modo_juego.o(.text.mueve_proyectiles)
    mutear                                   0x00001aa9   Thumb Code   184  menu.o(.text.mutear)
    nueva                                    0x00001b61   Thumb Code   454  menu.o(.text.nueva)
    ocultarInicio                            0x00001d29   Thumb Code    60  mostrar_ocultar.o(.text.ocultarInicio)
    ocultar_instrucciones                    0x00001d65   Thumb Code   150  mostrar_ocultar.o(.text.ocultar_instrucciones)
    ocultar_menuPartida                      0x00001dfd   Thumb Code    78  mostrar_ocultar.o(.text.ocultar_menuPartida)
    ocultar_menuPrincipal                    0x00001e4d   Thumb Code    96  mostrar_ocultar.o(.text.ocultar_menuPrincipal)
    partida                                  0x00001ead   Thumb Code   236  menu.o(.text.partida)
    proyectil_a_alguien                      0x00001f99   Thumb Code   244  modo_juego.o(.text.proyectil_a_alguien)
    proyectil_a_aliens                       0x0000208d   Thumb Code    94  modo_juego.o(.text.proyectil_a_aliens)
    proyectil_por_fila                       0x000020ed   Thumb Code   278  modo_juego.o(.text.proyectil_por_fila)
    retornar                                 0x00002205   Thumb Code   204  menu.o(.text.retornar)
    salir                                    0x000022d1   Thumb Code   186  menu.o(.text.salir)
    sondea_UART                              0x000024c5   Thumb Code    30  uart.o(.text.sondea_UART)
    sondea_pulsador                          0x000024e5   Thumb Code    44  leds_y_pulsadores.o(.text.sondea_pulsador)
    temp1                                    0x00002511   Thumb Code    14  menu.o(.text.temp1)
    temp2                                    0x00002521   Thumb Code    14  menu.o(.text.temp2)
    trabaja_jugador                          0x00002531   Thumb Code   308  menu.o(.text.trabaja_jugador)
    __scatterload_copy                       0x00002665   Thumb Code    14  handlers.o(i.__scatterload_copy)
    __scatterload_null                       0x00002673   Thumb Code     2  handlers.o(i.__scatterload_null)
    __scatterload_zeroinit                   0x00002675   Thumb Code    14  handlers.o(i.__scatterload_zeroinit)
    SineWave                                 0x00002bfd   Data          48  thelasthope.o(.rodata.SineWave)
    alien_1                                  0x00002c2e   Data         704  modo_juego.o(.rodata.alien_1)
    explosion                                0x00002eee   Data         704  modo_juego.o(.rodata.explosion)
    proyectil_aliens                         0x00003f8e   Data          16  modo_juego.o(.rodata.proyectil_aliens)
    proyectil_negro                          0x00003fbe   Data          16  modo_juego.o(.rodata.proyectil_negro)
    Region$$Table$$Base                      0x00004110   Number         0  anon$$obj.o(Region$$Table)
    Region$$Table$$Limit                     0x00004130   Number         0  anon$$obj.o(Region$$Table)
    StTextColor                              0x20000000   Data           2  st7735.o(.data.StTextColor)
    flag_sonido                              0x20000002   Data           1  thelasthope.o(.data.flag_sonido)
    n_seg                                    0x20000004   Data           2  thelasthope.o(.data.n_seg)
    nt_seg                                   0x20000006   Data           2  menu.o(.data.nt_seg)
    StX                                      0x2000000c   Data           4  st7735.o(.bss.StX)
    StY                                      0x20000010   Data           4  st7735.o(.bss.StY)
    antSW1                                   0x20000019   Data           1  menu.o(.bss.antSW1)
    antSW2                                   0x2000001a   Data           1  menu.o(.bss.antSW2)
    cant_palabras                            0x2000001c   Data           4  menu.o(.bss.cant_palabras)
    caracter                                 0x20000020   Data           1  menu.o(.bss.caracter)
    enable_cont_seg                          0x20000021   Data           1  thelasthope.o(.bss.enable_cont_seg)
    enablet_cont_seg                         0x20000022   Data           1  menu.o(.bss.enablet_cont_seg)
    flag_gano                                0x20000023   Data           1  menu.o(.bss.flag_gano)
    flag_hay_caracter                        0x20000024   Data           1  menu.o(.bss.flag_hay_caracter)
    flag_menu_iniciar                        0x20000025   Data           1  menu.o(.bss.flag_menu_iniciar)
    flag_opc_iniciar                         0x20000026   Data           1  menu.o(.bss.flag_opc_iniciar)
    flag_opc_inst                            0x20000027   Data           1  menu.o(.bss.flag_opc_inst)
    flag_opc_leaderboard                     0x20000028   Data           1  menu.o(.bss.flag_opc_leaderboard)
    flag_opc_mutear                          0x20000029   Data           1  menu.o(.bss.flag_opc_mutear)
    flag_opc_nueva                           0x2000002a   Data           1  menu.o(.bss.flag_opc_nueva)
    flag_opc_retornar                        0x2000002b   Data           1  menu.o(.bss.flag_opc_retornar)
    flag_opc_salir                           0x2000002c   Data           1  menu.o(.bss.flag_opc_salir)
    flag_perdio                              0x2000002d   Data           1  menu.o(.bss.flag_perdio)
    flag_start                               0x2000002e   Data           1  thelasthope.o(.bss.flag_start)
    flanco_bajadaSW1                         0x2000002f   Data           1  menu.o(.bss.flanco_bajadaSW1)
    flanco_bajadaSW2                         0x20000030   Data           1  menu.o(.bss.flanco_bajadaSW2)
    i                                        0x20000032   Data           2  thelasthope.o(.bss.i)
    letra1                                   0x20000034   Data           4  menu.o(.bss.letra1)
    letra2                                   0x20000038   Data           4  menu.o(.bss.letra2)
    letra3                                   0x2000003c   Data           4  menu.o(.bss.letra3)
    n_ciclos                                 0x20000040   Data           2  thelasthope.o(.bss.n_ciclos)
    nivel                                    0x20000042   Data           1  menu.o(.bss.nivel)
    opc_menu                                 0x20000043   Data           1  thelasthope.o(.bss.opc_menu)
    opc_menu_iniciar                         0x20000044   Data           1  menu.o(.bss.opc_menu_iniciar)
    puntaje                                  0x20000046   Data           8  menu.o(.bss.puntaje)
    __initial_sp                             0x20000450   Data           0  startup.o(STACK)



==============================================================================

Memory Map of the image

  Image Entry point : 0x0000026d

  Load Region LR_1 (Base: 0x00000000, Size: 0x00004138, Max: 0xffffffff, ABSOLUTE)

    Execution Region ER_RO (Exec base: 0x00000000, Load base: 0x00000000, Size: 0x00004130, Max: 0xffffffff, ABSOLUTE)

    Exec Addr    Load Addr    Size         Type   Attr      Idx    E Section Name        Object

    0x00000000   0x00000000   0x00000284   Code   RO           24  * RESET               startup.o
    0x00000284   0x00000284   0x00000000   Code   RO          343  * .ARM.Collect$$$$00000000  mc_w.l(entry.o)
    0x00000284   0x00000284   0x00000004   Code   RO          346    .ARM.Collect$$$$00000001  mc_w.l(entry2.o)
    0x00000288   0x00000288   0x00000004   Code   RO          349    .ARM.Collect$$$$00000004  mc_w.l(entry5.o)
    0x0000028c   0x0000028c   0x00000000   Code   RO          351    .ARM.Collect$$$$00000008  mc_w.l(entry7b.o)
    0x0000028c   0x0000028c   0x00000000   Code   RO          353    .ARM.Collect$$$$0000000A  mc_w.l(entry8b.o)
    0x0000028c   0x0000028c   0x00000008   Code   RO          354    .ARM.Collect$$$$0000000B  mc_w.l(entry9a.o)
    0x00000294   0x00000294   0x00000000   Code   RO          356    .ARM.Collect$$$$0000000D  mc_w.l(entry10a.o)
    0x00000294   0x00000294   0x00000000   Code   RO          358    .ARM.Collect$$$$0000000F  mc_w.l(entry11a.o)
    0x00000294   0x00000294   0x00000004   Code   RO          347    .ARM.Collect$$$$00002712  mc_w.l(entry2.o)
    0x00000298   0x00000298   0x00000030   Code   RO          360    .text               mc_w.l(init.o)
    0x000002c8   0x000002c8   0x00000032   Code   RO           61    .text.ConfiguraSystick_1ms  systick.o
    0x000002fa   0x000002fa   0x00000002   PAD
    0x000002fc   0x000002fc   0x0000005e   Code   RO          209    .text.DAC_Init      dac.o
    0x0000035a   0x0000035a   0x00000002   PAD
    0x0000035c   0x0000035c   0x0000000c   Code   RO          211    .text.DAC_Out       dac.o
    0x00000368   0x00000368   0x0000006a   Code   RO           50    .text.PLL_Init      pll.o
    0x000003d2   0x000003d2   0x00000002   PAD
    0x000003d4   0x000003d4   0x00000132   Code   RO          125    .text.ST7735_DrawBitmap  st7735.o
    0x00000506   0x00000506   0x00000002   PAD
    0x00000508   0x00000508   0x00000224   Code   RO          127    .text.ST7735_DrawCharS  st7735.o
    0x0000072c   0x0000072c   0x0000006a   Code   RO          131    .text.ST7735_DrawString  st7735.o
    0x00000796   0x00000796   0x00000002   PAD
    0x00000798   0x00000798   0x000000b4   Code   RO          119    .text.ST7735_FillRect  st7735.o
    0x0000084c   0x0000084c   0x00000088   Code   RO          105    .text.ST7735_FillScreen  st7735.o
    0x000008d4   0x000008d4   0x0000012a   Code   RO          107    .text.ST7735_InitR  st7735.o
    0x000009fe   0x000009fe   0x00000002   PAD
    0x00000a00   0x00000a00   0x00000094   Code   RO            2    .text.SysTick_Handler  thelasthope.o
    0x00000a94   0x00000a94   0x00000014   Code   RO           81    .text.UART_Caracter  uart.o
    0x00000aa8   0x00000aa8   0x0000006e   Code   RO           85    .text.UART_InString  uart.o
    0x00000b16   0x00000b16   0x00000002   PAD
    0x00000b18   0x00000b18   0x00000084   Code   RO           75    .text.UART_Init     uart.o
    0x00000b9c   0x00000b9c   0x00000012   Code   RO           79    .text.UART_OutChar  uart.o
    0x00000bae   0x00000bae   0x00000002   PAD
    0x00000bb0   0x00000bb0   0x00000024   Code   RO           83    .text.UART_OutString  uart.o
    0x00000bd4   0x00000bd4   0x00000128   Code   RO          231    .text.borra_proyectiles  modo_juego.o
    0x00000cfc   0x00000cfc   0x000000a8   Code   RO          109    .text.commandList   st7735.o
    0x00000da4   0x00000da4   0x000001ac   Code   RO          101    .text.commonInit    st7735.o
    0x00000f50   0x00000f50   0x0000009a   Code   RO           34    .text.config_puertoF  leds_y_pulsadores.o
    0x00000fea   0x00000fea   0x00000002   PAD
    0x00000fec   0x00000fec   0x00000042   Code   RO          239    .text.evalua_flags  modo_juego.o
    0x0000102e   0x0000102e   0x00000002   PAD
    0x00001030   0x00001030   0x00000060   Code   RO          225    .text.genera_proyectil  modo_juego.o
    0x00001090   0x00001090   0x000000d2   Code   RO          299    .text.instrucciones  menu.o
    0x00001162   0x00001162   0x00000002   PAD
    0x00001164   0x00001164   0x00000204   Code   RO          285    .text.juego         menu.o
    0x00001368   0x00001368   0x00000154   Code   RO          293    .text.leaderboard   menu.o
    0x000014bc   0x000014bc   0x00000090   Code   RO            4    .text.main          thelasthope.o
    0x0000154c   0x0000154c   0x00000250   Code   RO          289    .text.maneja_leaderboard  menu.o
    0x0000179c   0x0000179c   0x00000042   Code   RO          257    .text.mostrarInicio  mostrar_ocultar.o
    0x000017de   0x000017de   0x00000002   PAD
    0x000017e0   0x000017e0   0x000000a6   Code   RO          267    .text.mostrar_instrucciones  mostrar_ocultar.o
    0x00001886   0x00001886   0x00000002   PAD
    0x00001888   0x00001888   0x00000056   Code   RO          263    .text.mostrar_menuPartida  mostrar_ocultar.o
    0x000018de   0x000018de   0x00000002   PAD
    0x000018e0   0x000018e0   0x0000006a   Code   RO          255    .text.mostrar_menuPrincipal  mostrar_ocultar.o
    0x0000194a   0x0000194a   0x00000002   PAD
    0x0000194c   0x0000194c   0x000000ba   Code   RO          223    .text.mueve_aliens  modo_juego.o
    0x00001a06   0x00001a06   0x00000002   PAD
    0x00001a08   0x00001a08   0x000000a0   Code   RO          227    .text.mueve_proyectiles  modo_juego.o
    0x00001aa8   0x00001aa8   0x000000b8   Code   RO          301    .text.mutear        menu.o
    0x00001b60   0x00001b60   0x000001c6   Code   RO          291    .text.nueva         menu.o
    0x00001d26   0x00001d26   0x00000002   PAD
    0x00001d28   0x00001d28   0x0000003c   Code   RO          259    .text.ocultarInicio  mostrar_ocultar.o
    0x00001d64   0x00001d64   0x00000096   Code   RO          269    .text.ocultar_instrucciones  mostrar_ocultar.o
    0x00001dfa   0x00001dfa   0x00000002   PAD
    0x00001dfc   0x00001dfc   0x0000004e   Code   RO          265    .text.ocultar_menuPartida  mostrar_ocultar.o
    0x00001e4a   0x00001e4a   0x00000002   PAD
    0x00001e4c   0x00001e4c   0x00000060   Code   RO          261    .text.ocultar_menuPrincipal  mostrar_ocultar.o
    0x00001eac   0x00001eac   0x000000ec   Code   RO          297    .text.partida       menu.o
    0x00001f98   0x00001f98   0x000000f4   Code   RO          233    .text.proyectil_a_alguien  modo_juego.o
    0x0000208c   0x0000208c   0x0000005e   Code   RO          237    .text.proyectil_a_aliens  modo_juego.o
    0x000020ea   0x000020ea   0x00000002   PAD
    0x000020ec   0x000020ec   0x00000116   Code   RO          235    .text.proyectil_por_fila  modo_juego.o
    0x00002202   0x00002202   0x00000002   PAD
    0x00002204   0x00002204   0x000000cc   Code   RO          295    .text.retornar      menu.o
    0x000022d0   0x000022d0   0x000000ba   Code   RO          303    .text.salir         menu.o
    0x0000238a   0x0000238a   0x00000002   PAD
    0x0000238c   0x0000238c   0x00000136   Code   RO          113    .text.setAddrWindow  st7735.o
    0x000024c2   0x000024c2   0x00000002   PAD
    0x000024c4   0x000024c4   0x0000001e   Code   RO           87    .text.sondea_UART   uart.o
    0x000024e2   0x000024e2   0x00000002   PAD
    0x000024e4   0x000024e4   0x0000002c   Code   RO           36    .text.sondea_pulsador  leds_y_pulsadores.o
    0x00002510   0x00002510   0x0000000e   Code   RO          279    .text.temp1         menu.o
    0x0000251e   0x0000251e   0x00000002   PAD
    0x00002520   0x00002520   0x0000000e   Code   RO          281    .text.temp2         menu.o
    0x0000252e   0x0000252e   0x00000002   PAD
    0x00002530   0x00002530   0x00000134   Code   RO          283    .text.trabaja_jugador  menu.o
    0x00002664   0x00002664   0x0000000e   Code   RO          364    i.__scatterload_copy  mc_w.l(handlers.o)
    0x00002672   0x00002672   0x00000002   Code   RO          365    i.__scatterload_null  mc_w.l(handlers.o)
    0x00002674   0x00002674   0x0000000e   Code   RO          366    i.__scatterload_zeroinit  mc_w.l(handlers.o)
    0x00002682   0x00002682   0x000004fb   Data   RO          192    .rodata.Font        st7735.o
    0x00002b7d   0x00002b7d   0x0000003b   Data   RO          183    .rodata.Rcmd1       st7735.o
    0x00002bb8   0x00002bb8   0x0000000d   Data   RO          184    .rodata.Rcmd2green  st7735.o
    0x00002bc5   0x00002bc5   0x0000000d   Data   RO          187    .rodata.Rcmd2red    st7735.o
    0x00002bd2   0x00002bd2   0x0000002b   Data   RO          188    .rodata.Rcmd3       st7735.o
    0x00002bfd   0x00002bfd   0x00000030   Data   RO            7    .rodata.SineWave    thelasthope.o
    0x00002c2d   0x00002c2d   0x00000001   PAD
    0x00002c2e   0x00002c2e   0x000002c0   Data   RO          242    .rodata.alien_1     modo_juego.o
    0x00002eee   0x00002eee   0x000002c0   Data   RO          244    .rodata.explosion   modo_juego.o
    0x000031ae   0x000031ae   0x000002c0   Data   RO          245    .rodata.fondo_negro  modo_juego.o
    0x0000346e   0x0000346e   0x000002c0   Data   RO          313    .rodata.fondo_negro  menu.o
    0x0000372e   0x0000372e   0x000002d0   Data   RO          326    .rodata.gano        menu.o
    0x000039fe   0x000039fe   0x000002c0   Data   RO          311    .rodata.nave_def    menu.o
    0x00003cbe   0x00003cbe   0x000002d0   Data   RO          327    .rodata.perdio      menu.o
    0x00003f8e   0x00003f8e   0x00000010   Data   RO          243    .rodata.proyectil_aliens  modo_juego.o
    0x00003f9e   0x00003f9e   0x00000010   Data   RO          246    .rodata.proyectil_nave  modo_juego.o
    0x00003fae   0x00003fae   0x00000010   Data   RO          314    .rodata.proyectil_nave  menu.o
    0x00003fbe   0x00003fbe   0x00000010   Data   RO          241    .rodata.proyectil_negro  modo_juego.o
    0x00003fce   0x00003fce   0x0000010f   Data   RO          271    .rodata.str1.1      mostrar_ocultar.o
    0x000040dd   0x000040dd   0x00000031   Data   RO          315    .rodata.str1.1      menu.o
    0x0000410e   0x0000410e   0x00000002   PAD
    0x00004110   0x00004110   0x00000020   Data   RO          363    Region$$Table       anon$$obj.o


    Execution Region ER_RW (Exec base: 0x20000000, Load base: 0x00004130, Size: 0x00000008, Max: 0xffffffff, ABSOLUTE)

    Exec Addr    Load Addr    Size         Type   Attr      Idx    E Section Name        Object

    0x20000000   0x00004130   0x00000002   Data   RW          181    .data.StTextColor   st7735.o
    0x20000002   0x00004132   0x00000001   Data   RW            6    .data.flag_sonido   thelasthope.o
    0x20000003   0x00004133   0x00000001   PAD
    0x20000004   0x00004134   0x00000002   Data   RW           10    .data.n_seg         thelasthope.o
    0x20000006   0x00004136   0x00000002   Data   RW          309    .data.nt_seg        menu.o


    Execution Region ER_ZI (Exec base: 0x20000008, Load base: 0x00004138, Size: 0x00000448, Max: 0xffffffff, ABSOLUTE)

    Exec Addr    Load Addr    Size         Type   Attr      Idx    E Section Name        Object

    0x20000008        -       0x00000001   Zero   RW          185    .bss.ColStart       st7735.o
    0x20000009        -       0x00000001   Zero   RW          186    .bss.RowStart       st7735.o
    0x2000000a   0x00004138   0x00000002   PAD
    0x2000000c        -       0x00000004   Zero   RW          179    .bss.StX            st7735.o
    0x20000010        -       0x00000004   Zero   RW          180    .bss.StY            st7735.o
    0x20000014        -       0x00000001   Zero   RW          189    .bss.TabColor       st7735.o
    0x20000015   0x00004138   0x00000001   PAD
    0x20000016        -       0x00000001   Zero   RW          191    .bss._height        st7735.o
    0x20000017   0x00004138   0x00000001   PAD
    0x20000018        -       0x00000001   Zero   RW          190    .bss._width         st7735.o
    0x20000019        -       0x00000001   Zero   RW          305    .bss.antSW1         menu.o
    0x2000001a        -       0x00000001   Zero   RW          306    .bss.antSW2         menu.o
    0x2000001b   0x00004138   0x00000001   PAD
    0x2000001c        -       0x00000004   Zero   RW          322    .bss.cant_palabras  menu.o
    0x20000020        -       0x00000001   Zero   RW          331    .bss.caracter       menu.o
    0x20000021        -       0x00000001   Zero   RW           11    .bss.enable_cont_seg  thelasthope.o
    0x20000022        -       0x00000001   Zero   RW          310    .bss.enablet_cont_seg  menu.o
    0x20000023        -       0x00000001   Zero   RW          324    .bss.flag_gano      menu.o
    0x20000024        -       0x00000001   Zero   RW          312    .bss.flag_hay_caracter  menu.o
    0x20000025        -       0x00000001   Zero   RW          328    .bss.flag_menu_iniciar  menu.o
    0x20000026        -       0x00000001   Zero   RW          329    .bss.flag_opc_iniciar  menu.o
    0x20000027        -       0x00000001   Zero   RW          333    .bss.flag_opc_inst  menu.o
    0x20000028        -       0x00000001   Zero   RW          330    .bss.flag_opc_leaderboard  menu.o
    0x20000029        -       0x00000001   Zero   RW          334    .bss.flag_opc_mutear  menu.o
    0x2000002a        -       0x00000001   Zero   RW          321    .bss.flag_opc_nueva  menu.o
    0x2000002b        -       0x00000001   Zero   RW          332    .bss.flag_opc_retornar  menu.o
    0x2000002c        -       0x00000001   Zero   RW          335    .bss.flag_opc_salir  menu.o
    0x2000002d        -       0x00000001   Zero   RW          325    .bss.flag_perdio    menu.o
    0x2000002e        -       0x00000001   Zero   RW           13    .bss.flag_start     thelasthope.o
    0x2000002f        -       0x00000001   Zero   RW          307    .bss.flanco_bajadaSW1  menu.o
    0x20000030        -       0x00000001   Zero   RW          308    .bss.flanco_bajadaSW2  menu.o
    0x20000031   0x00004138   0x00000001   PAD
    0x20000032        -       0x00000002   Zero   RW            8    .bss.i              thelasthope.o
    0x20000034        -       0x00000004   Zero   RW          316    .bss.letra1         menu.o
    0x20000038        -       0x00000004   Zero   RW          317    .bss.letra2         menu.o
    0x2000003c        -       0x00000004   Zero   RW          318    .bss.letra3         menu.o
    0x20000040        -       0x00000002   Zero   RW            9    .bss.n_ciclos       thelasthope.o
    0x20000042        -       0x00000001   Zero   RW          323    .bss.nivel          menu.o
    0x20000043        -       0x00000001   Zero   RW           12    .bss.opc_menu       thelasthope.o
    0x20000044        -       0x00000001   Zero   RW          320    .bss.opc_menu_iniciar  menu.o
    0x20000045   0x00004138   0x00000001   PAD
    0x20000046        -       0x00000008   Zero   RW          319    .bss.puntaje        menu.o
    0x2000004e   0x00004138   0x00000002   PAD
    0x20000050        -       0x00000400   Zero   RW           22    STACK               startup.o


==============================================================================

Image component sizes


      Code (inc. data)   RO Data    RW Data    ZI Data      Debug   Object Name

       106          0          0          0          0        652   dac.o
       198          0          0          0          0       1703   leds_y_pulsadores.o
      3258         68       2913          2         43       8173   menu.o
      1420          0       2160          0          0       8938   modo_juego.o
       808          0        271          0          0       2134   mostrar_ocultar.o
       106          0          0          0          0        650   pll.o
      2480          0       1403          2         13      26368   st7735.o
       644        620          0          0       1024        768   startup.o
        50          0          0          0          0       1395   systick.o
       292          4         48          3          7       1617   thelasthope.o
       346          0          0          0          0       2340   uart.o

    ----------------------------------------------------------------------
      9760        692       6830          8       1096      54738   Object Totals
         0          0         32          0          0          0   (incl. Generated)
        52          0          3          1          9          0   (incl. Padding)

    ----------------------------------------------------------------------

      Code (inc. data)   RO Data    RW Data    ZI Data      Debug   Library Member Name

         0          0          0          0          0          0   entry.o
         0          0          0          0          0          0   entry10a.o
         0          0          0          0          0          0   entry11a.o
         8          4          0          0          0          0   entry2.o
         4          0          0          0          0          0   entry5.o
         0          0          0          0          0          0   entry7b.o
         0          0          0          0          0          0   entry8b.o
         8          4          0          0          0          0   entry9a.o
        30          0          0          0          0          0   handlers.o
        48         10          0          0          0         68   init.o

    ----------------------------------------------------------------------
        98         18          0          0          0         68   Library Totals
         0          0          0          0          0          0   (incl. Padding)

    ----------------------------------------------------------------------

      Code (inc. data)   RO Data    RW Data    ZI Data      Debug   Library Name

        98         18          0          0          0         68   mc_w.l

    ----------------------------------------------------------------------
        98         18          0          0          0         68   Library Totals

    ----------------------------------------------------------------------

==============================================================================


      Code (inc. data)   RO Data    RW Data    ZI Data      Debug   

      9858        710       6830          8       1096      54778   Grand Totals
      9858        710       6830          8       1096      54778   ELF Image Totals
      9858        710       6830          8          0          0   ROM Totals

==============================================================================

    Total RO  Size (Code + RO Data)                16688 (  16.30kB)
    Total RW  Size (RW Data + ZI Data)              1104 (   1.08kB)
    Total ROM Size (Code + RO Data + RW Data)      16696 (  16.30kB)

==============================================================================

